Archive member included to satisfy reference by file (symbol)

/Applications/ArmGNUToolchain/13.2.Rel1/arm-none-eabi/bin/../lib/gcc/arm-none-eabi/13.2.1/thumb/v6-m/nofp/libgcc.a(_dvmd_tls.o)
                              CMakeFiles/main.dir/Users/colli/Pico/pico-sdk/src/rp2_common/pico_divider/divider.S.obj (__aeabi_idiv0)
/Applications/ArmGNUToolchain/13.2.Rel1/arm-none-eabi/bin/../lib/gcc/arm-none-eabi/13.2.1/../../../../arm-none-eabi/lib/thumb/v6-m/nofp/libg.a(libc_a-calloc.o)
                              CMakeFiles/main.dir/Users/colli/Pico/pico-sdk/src/rp2_common/pico_malloc/pico_malloc.c.obj (calloc)
/Applications/ArmGNUToolchain/13.2.Rel1/arm-none-eabi/bin/../lib/gcc/arm-none-eabi/13.2.1/../../../../arm-none-eabi/lib/thumb/v6-m/nofp/libg.a(libc_a-callocr.o)
                              /Applications/ArmGNUToolchain/13.2.Rel1/arm-none-eabi/bin/../lib/gcc/arm-none-eabi/13.2.1/../../../../arm-none-eabi/lib/thumb/v6-m/nofp/libg.a(libc_a-calloc.o) (_calloc_r)
/Applications/ArmGNUToolchain/13.2.Rel1/arm-none-eabi/bin/../lib/gcc/arm-none-eabi/13.2.1/../../../../arm-none-eabi/lib/thumb/v6-m/nofp/libg.a(libc_a-malloc.o)
                              CMakeFiles/main.dir/Users/colli/Pico/pico-sdk/src/rp2_common/pico_malloc/pico_malloc.c.obj (malloc)
/Applications/ArmGNUToolchain/13.2.Rel1/arm-none-eabi/bin/../lib/gcc/arm-none-eabi/13.2.1/../../../../arm-none-eabi/lib/thumb/v6-m/nofp/libg.a(libc_a-mallocr.o)
                              /Applications/ArmGNUToolchain/13.2.Rel1/arm-none-eabi/bin/../lib/gcc/arm-none-eabi/13.2.1/../../../../arm-none-eabi/lib/thumb/v6-m/nofp/libg.a(libc_a-callocr.o) (_malloc_r)
/Applications/ArmGNUToolchain/13.2.Rel1/arm-none-eabi/bin/../lib/gcc/arm-none-eabi/13.2.1/../../../../arm-none-eabi/lib/thumb/v6-m/nofp/libg.a(libc_a-mlock.o)
                              /Applications/ArmGNUToolchain/13.2.Rel1/arm-none-eabi/bin/../lib/gcc/arm-none-eabi/13.2.1/../../../../arm-none-eabi/lib/thumb/v6-m/nofp/libg.a(libc_a-mallocr.o) (__malloc_lock)
/Applications/ArmGNUToolchain/13.2.Rel1/arm-none-eabi/bin/../lib/gcc/arm-none-eabi/13.2.1/../../../../arm-none-eabi/lib/thumb/v6-m/nofp/libg.a(libc_a-realloc.o)
                              CMakeFiles/main.dir/Users/colli/Pico/pico-sdk/src/rp2_common/pico_malloc/pico_malloc.c.obj (realloc)
/Applications/ArmGNUToolchain/13.2.Rel1/arm-none-eabi/bin/../lib/gcc/arm-none-eabi/13.2.1/../../../../arm-none-eabi/lib/thumb/v6-m/nofp/libg.a(libc_a-reallocr.o)
                              /Applications/ArmGNUToolchain/13.2.Rel1/arm-none-eabi/bin/../lib/gcc/arm-none-eabi/13.2.1/../../../../arm-none-eabi/lib/thumb/v6-m/nofp/libg.a(libc_a-realloc.o) (_realloc_r)
/Applications/ArmGNUToolchain/13.2.Rel1/arm-none-eabi/bin/../lib/gcc/arm-none-eabi/13.2.1/../../../../arm-none-eabi/lib/thumb/v6-m/nofp/libg.a(libc_a-memmove.o)
                              /Applications/ArmGNUToolchain/13.2.Rel1/arm-none-eabi/bin/../lib/gcc/arm-none-eabi/13.2.1/../../../../arm-none-eabi/lib/thumb/v6-m/nofp/libg.a(libc_a-reallocr.o) (memmove)
/Applications/ArmGNUToolchain/13.2.Rel1/arm-none-eabi/bin/../lib/gcc/arm-none-eabi/13.2.1/../../../../arm-none-eabi/lib/thumb/v6-m/nofp/libg.a(libc_a-impure.o)
                              /Applications/ArmGNUToolchain/13.2.Rel1/arm-none-eabi/bin/../lib/gcc/arm-none-eabi/13.2.1/../../../../arm-none-eabi/lib/thumb/v6-m/nofp/libg.a(libc_a-calloc.o) (_impure_ptr)
/Applications/ArmGNUToolchain/13.2.Rel1/arm-none-eabi/bin/../lib/gcc/arm-none-eabi/13.2.1/../../../../arm-none-eabi/lib/thumb/v6-m/nofp/libg.a(libc_a-sbrkr.o)
                              /Applications/ArmGNUToolchain/13.2.Rel1/arm-none-eabi/bin/../lib/gcc/arm-none-eabi/13.2.1/../../../../arm-none-eabi/lib/thumb/v6-m/nofp/libg.a(libc_a-mallocr.o) (_sbrk_r)
/Applications/ArmGNUToolchain/13.2.Rel1/arm-none-eabi/bin/../lib/gcc/arm-none-eabi/13.2.1/../../../../arm-none-eabi/lib/thumb/v6-m/nofp/libg.a(libc_a-errno.o)
                              /Applications/ArmGNUToolchain/13.2.Rel1/arm-none-eabi/bin/../lib/gcc/arm-none-eabi/13.2.1/../../../../arm-none-eabi/lib/thumb/v6-m/nofp/libg.a(libc_a-callocr.o) (__errno)
/Applications/ArmGNUToolchain/13.2.Rel1/arm-none-eabi/bin/../lib/gcc/arm-none-eabi/13.2.1/../../../../arm-none-eabi/lib/thumb/v6-m/nofp/libg.a(libc_a-sysconf.o)
                              /Applications/ArmGNUToolchain/13.2.Rel1/arm-none-eabi/bin/../lib/gcc/arm-none-eabi/13.2.1/../../../../arm-none-eabi/lib/thumb/v6-m/nofp/libg.a(libc_a-mallocr.o) (sysconf)
/Applications/ArmGNUToolchain/13.2.Rel1/arm-none-eabi/bin/../lib/gcc/arm-none-eabi/13.2.1/../../../../arm-none-eabi/lib/thumb/v6-m/nofp/libg.a(libc_a-init.o)
                              /Applications/ArmGNUToolchain/13.2.Rel1/arm-none-eabi/bin/../lib/gcc/arm-none-eabi/13.2.1/../../../../arm-none-eabi/lib/thumb/v6-m/nofp/crt0.o (__libc_init_array)
/Applications/ArmGNUToolchain/13.2.Rel1/arm-none-eabi/bin/../lib/gcc/arm-none-eabi/13.2.1/../../../../arm-none-eabi/lib/thumb/v6-m/nofp/libg.a(libc_a-lock.o)
[...]
Memory Configuration

Name             Origin             Length             Attributes
FLASH            0x10000000         0x00200000         xr
RAM              0x20000000         0x00040000         xrw
SCRATCH_X        0x20040000         0x00001000         xrw
SCRATCH_Y        0x20041000         0x00001000         xrw
*default*        0x00000000         0xffffffff

Linker script and memory map

LOAD /Applications/ArmGNUToolchain/13.2.Rel1/arm-none-eabi/bin/../lib/gcc/arm-none-eabi/13.2.1/thumb/v6-m/nofp/crti.o
LOAD /Applications/ArmGNUToolchain/13.2.Rel1/arm-none-eabi/bin/../lib/gcc/arm-none-eabi/13.2.1/thumb/v6-m/nofp/crtbegin.o
LOAD /Applications/ArmGNUToolchain/13.2.Rel1/arm-none-eabi/bin/../lib/gcc/arm-none-eabi/13.2.1/../../../../arm-none-eabi/lib/thumb/v6-m/nofp/crt0.o

.flash_begin    0x10000000        0x0
                0x10000000                        __flash_binary_start = .

.boot2          0x10000000      0x100
                0x10000000                        __boot2_start__ = .
 *(.boot2)
 .boot2         0x10000000      0x100 /var/folders/4g/0h_ts9355kq2mrcn3v4lyyww0000gn/T//ccGkUCl2.o
                0x10000100                        __boot2_end__ = .
                0x00000001                        ASSERT (((__boot2_end__ - __boot2_start__) == 0x100), ERROR: Pico second stage bootloader must be 256 bytes in size)

.text           0x10000100     0x6af0
                0x10000100                        __logical_binary_start = .
 *(.vectors)
 .vectors       0x10000100       0xd4 CMakeFiles/main.dir/Users/colli/Pico/pico-sdk/src/rp2_common/pico_standard_link/crt0.S.obj
                0x10000100                __VECTOR_TABLE
                0x10000100                __vectors
                0x100001c0                __default_isrs_start
                0x100001c0                isr_invalid
                0x100001c2                isr_nmi
                0x100001c4                isr_hardfault
                0x100001c6                isr_svcall
                0x100001c8                isr_pendsv
                0x100001ca                isr_systick
                0x100001cc                isr_irq28
                0x100001cc                isr_irq19
                0x100001cc                isr_irq0
                0x100001cc                isr_irq6
                0x100001cc                isr_irq22
                0x100001cc                isr_irq17
                0x100001cc                isr_irq14
                0x100001cc                isr_irq2
                0x100001cc                isr_irq10
                0x100001cc                isr_irq8
                0x100001cc                isr_irq24
                0x100001cc                isr_irq1
                0x100001cc                isr_irq7
                0x100001cc                isr_irq21
                0x100001cc                isr_irq20
                0x100001cc                isr_irq15
                0x100001cc                isr_irq25
                0x100001cc                isr_irq4
                0x100001cc                isr_irq16
                0x100001cc                isr_irq29
                0x100001cc                isr_irq26
                0x100001cc                __default_isrs_end
                0x100001cc                isr_irq3
                0x100001cc                isr_irq9
                0x100001cc                __unhandled_user_irq
                0x100001cc                isr_irq13
                0x100001cc                isr_irq27
                0x100001cc                isr_irq31
                0x100001cc                isr_irq5
                0x100001cc                isr_irq11
                0x100001cc                isr_irq23
                0x100001cc                isr_irq18
                0x100001cc                isr_irq30
                0x100001cc                isr_irq12
                0x100001d2                unhandled_user_irq_num_in_r0
 *(.binary_info_header)
 .binary_info_header
                0x100001d4       0x14 CMakeFiles/main.dir/Users/colli/Pico/pico-sdk/src/rp2_common/pico_standard_link/crt0.S.obj
                0x100001e8                        __binary_info_header_end = .
 *(.reset)
 .reset         0x100001e8       0xa0 CMakeFiles/main.dir/Users/colli/Pico/pico-sdk/src/rp2_common/pico_standard_link/crt0.S.obj
                0x100001e8                _entry_point
 .reset         0x10000288       0x30 CMakeFiles/main.dir/Users/colli/Pico/pico-sdk/src/rp2_common/pico_standard_link/binary_info.c.obj
 *(.init)
 .init          0x100002b8        0x4 /Applications/ArmGNUToolchain/13.2.Rel1/arm-none-eabi/bin/../lib/gcc/arm-none-eabi/13.2.1/thumb/v6-m/nofp/crti.o
                0x100002b8                _init
 *(EXCLUDE_FILE(*libm.a: *libc.a:*lib_a-mem*.o *libgcc.a:) .text*)
 .text.register_tm_clones
                0x100002bc       0x28 /Applications/ArmGNUToolchain/13.2.Rel1/arm-none-eabi/bin/../lib/gcc/arm-none-eabi/13.2.1/thumb/v6-m/nofp/crtbegin.o
 .text.frame_dummy
                0x100002e4       0x24 /Applications/ArmGNUToolchain/13.2.Rel1/arm-none-eabi/bin/../lib/gcc/arm-none-eabi/13.2.1/thumb/v6-m/nofp/crtbegin.o
 .text.main     0x10000308       0x34 CMakeFiles/main.dir/main.c.obj
                0x10000308                main
 .text.running_on_fpga
                0x1000033c       0x14 CMakeFiles/main.dir/Users/colli/Pico/pico-sdk/src/rp2_common/pico_platform/platform.c.obj
                0x1000033c                running_on_fpga
 .text.hw_claim_lock
                0x10000350       0x18 CMakeFiles/main.dir/Users/colli/Pico/pico-sdk/src/rp2_common/hardware_claim/claim.c.obj
                0x10000350                hw_claim_lock
 .text.hw_claim_unlock
                0x10000368       0x14 CMakeFiles/main.dir/Users/colli/Pico/pico-sdk/src/rp2_common/hardware_claim/claim.c.obj
                0x10000368                hw_claim_unlock
 .text.hw_claim_or_assert
                0x1000037c       0x32 CMakeFiles/main.dir/Users/colli/Pico/pico-sdk/src/rp2_common/hardware_claim/claim.c.obj
                0x1000037c                hw_claim_or_assert
 .text.hw_claim_unused_from_range
                0x100003ae       0x50 CMakeFiles/main.dir/Users/colli/Pico/pico-sdk/src/rp2_common/hardware_claim/claim.c.obj
                0x100003ae                hw_claim_unused_from_range
 *fill*         0x100003fe        0x2 
 .text.spin_locks_reset
                0x10000400       0x20 CMakeFiles/main.dir/Users/colli/Pico/pico-sdk/src/rp2_common/hardware_sync/sync.c.obj
                0x10000400                spin_locks_reset
 .text.next_striped_spin_lock_num
                0x10000420       0x1c CMakeFiles/main.dir/Users/colli/Pico/pico-sdk/src/rp2_common/hardware_sync/sync.c.obj
                0x10000420                next_striped_spin_lock_num
 .text.spin_lock_claim_unused
                0x1000043c       0x24 CMakeFiles/main.dir/Users/colli/Pico/pico-sdk/src/rp2_common/hardware_sync/sync.c.obj
                0x1000043c                spin_lock_claim_unused
 .text.set_raw_irq_handler_and_unlock
                0x10000460       0x28 CMakeFiles/main.dir/Users/colli/Pico/pico-sdk/src/rp2_common/hardware_irq/irq.c.obj
 .text.resolve_branch
                0x10000488       0x30 CMakeFiles/main.dir/Users/colli/Pico/pico-sdk/src/rp2_common/hardware_irq/irq.c.obj
 .text.make_branch
                0x100004b8       0x48 CMakeFiles/main.dir/Users/colli/Pico/pico-sdk/src/rp2_common/hardware_irq/irq.c.obj
 .text.insert_branch_and_link
                0x10000500       0x40 CMakeFiles/main.dir/Users/colli/Pico/pico-sdk/src/rp2_common/hardware_irq/irq.c.obj
 .text.irq_is_enabled
                0x10000540       0x18 CMakeFiles/main.dir/Users/colli/Pico/pico-sdk/src/rp2_common/hardware_irq/irq.c.obj
                0x10000540                irq_is_enabled
 .text.irq_set_mask_enabled
                0x10000558       0x20 CMakeFiles/main.dir/Users/colli/Pico/pico-sdk/src/rp2_common/hardware_irq/irq.c.obj
                0x10000558                irq_set_mask_enabled
 .text.irq_set_enabled
                0x10000578        0xe CMakeFiles/main.dir/Users/colli/Pico/pico-sdk/src/rp2_common/hardware_irq/irq.c.obj
                0x10000578                irq_set_enabled
 *fill*         0x10000586        0x2 
 .text.irq_set_pending
                0x10000588       0x10 CMakeFiles/main.dir/Users/colli/Pico/pico-sdk/src/rp2_common/hardware_irq/irq.c.obj
                0x10000588                irq_set_pending
 .text.irq_get_vtable_handler
                0x10000598       0x10 CMakeFiles/main.dir/Users/colli/Pico/pico-sdk/src/rp2_common/hardware_irq/irq.c.obj
                0x10000598                irq_get_vtable_handler
 .text.irq_has_shared_handler
                0x100005a8       0x24 CMakeFiles/main.dir/Users/colli/Pico/pico-sdk/src/rp2_common/hardware_irq/irq.c.obj
                0x100005a8                irq_has_shared_handler
 .text.irq_set_exclusive_handler
                0x100005cc       0x54 CMakeFiles/main.dir/Users/colli/Pico/pico-sdk/src/rp2_common/hardware_irq/irq.c.obj
                0x100005cc                irq_set_exclusive_handler
 .text.irq_add_shared_handler
                0x10000620      0x210 CMakeFiles/main.dir/Users/colli/Pico/pico-sdk/src/rp2_common/hardware_irq/irq.c.obj
                0x10000620                irq_add_shared_handler
 .text.irq_remove_handler
                0x10000830      0x188 CMakeFiles/main.dir/Users/colli/Pico/pico-sdk/src/rp2_common/hardware_irq/irq.c.obj
                0x10000830                irq_remove_handler
 .text.irq_add_tail_to_free_list
                0x100009b8       0xf0 CMakeFiles/main.dir/Users/colli/Pico/pico-sdk/src/rp2_common/hardware_irq/irq.c.obj
                0x100009b8                irq_add_tail_to_free_list
 .text.irq_init_priorities
                0x10000aa8       0x1c CMakeFiles/main.dir/Users/colli/Pico/pico-sdk/src/rp2_common/hardware_irq/irq.c.obj
                0x10000aa8                irq_init_priorities
 .text.user_irq_claim_unused
                0x10000ac4       0x2c CMakeFiles/main.dir/Users/colli/Pico/pico-sdk/src/rp2_common/hardware_irq/irq.c.obj
                0x10000ac4                user_irq_claim_unused
 .text.lock_init
                0x10000af0       0x10 CMakeFiles/main.dir/Users/colli/Pico/pico-sdk/src/common/pico_sync/lock_core.c.obj
                0x10000af0                lock_init
 .text.update_us_since_boot
                0x10000b00       0x24 CMakeFiles/main.dir/Users/colli/Pico/pico-sdk/src/common/pico_sync/mutex.c.obj
 .text.delayed_by_ms
                0x10000b24       0x44 CMakeFiles/main.dir/Users/colli/Pico/pico-sdk/src/common/pico_sync/mutex.c.obj
 .text.get_absolute_time
                0x10000b68       0x22 CMakeFiles/main.dir/Users/colli/Pico/pico-sdk/src/common/pico_sync/mutex.c.obj
 .text.make_timeout_time_ms
                0x10000b8a       0x20 CMakeFiles/main.dir/Users/colli/Pico/pico-sdk/src/common/pico_sync/mutex.c.obj
 .text.mutex_init
                0x10000baa       0x1a CMakeFiles/main.dir/Users/colli/Pico/pico-sdk/src/common/pico_sync/mutex.c.obj
                0x10000baa                mutex_init
 .text.recursive_mutex_init
                0x10000bc4       0x1e CMakeFiles/main.dir/Users/colli/Pico/pico-sdk/src/common/pico_sync/mutex.c.obj
                0x10000bc4                recursive_mutex_init
 *fill*         0x10000be2        0x2 
 .text.critical_section_init_with_lock_num
                0x10000be4       0x14 CMakeFiles/main.dir/Users/colli/Pico/pico-sdk/src/common/pico_sync/critical_section.c.obj
                0x10000be4                critical_section_init_with_lock_num
 .text.critical_section_init
                0x10000bf8       0x14 CMakeFiles/main.dir/Users/colli/Pico/pico-sdk/src/common/pico_sync/critical_section.c.obj
                0x10000bf8                critical_section_init
 .text.time_reached
                0x10000c0c       0x28 CMakeFiles/main.dir/Users/colli/Pico/pico-sdk/src/common/pico_time/time.c.obj
 .text.get_entry
                0x10000c34       0x38 CMakeFiles/main.dir/Users/colli/Pico/pico-sdk/src/common/pico_time/time.c.obj
 .text.timer_pool_entry_comparator
                0x10000c6c       0x2e CMakeFiles/main.dir/Users/colli/Pico/pico-sdk/src/common/pico_time/time.c.obj
                0x10000c6c                timer_pool_entry_comparator
 *fill*         0x10000c9a        0x2 
 .text.update_us_since_boot
                0x10000c9c       0x24 CMakeFiles/main.dir/Users/colli/Pico/pico-sdk/src/common/pico_time/time.c.obj
 .text.delayed_by_us
                0x10000cc0       0x34 CMakeFiles/main.dir/Users/colli/Pico/pico-sdk/src/common/pico_time/time.c.obj
 .text.ph_get_node
                0x10000cf4       0x30 CMakeFiles/main.dir/Users/colli/Pico/pico-sdk/src/common/pico_time/time.c.obj
 .text.ph_contains_node
                0x10000d24       0x1e CMakeFiles/main.dir/Users/colli/Pico/pico-sdk/src/common/pico_time/time.c.obj
 .text.ph_new_node
                0x10000d42       0x28 CMakeFiles/main.dir/Users/colli/Pico/pico-sdk/src/common/pico_time/time.c.obj
 *fill*         0x10000d6a        0x2 
 .text.ph_add_child_node
                0x10000d6c       0x6c CMakeFiles/main.dir/Users/colli/Pico/pico-sdk/src/common/pico_time/time.c.obj
 .text.ph_merge_nodes
                0x10000dd8       0x3e CMakeFiles/main.dir/Users/colli/Pico/pico-sdk/src/common/pico_time/time.c.obj
 *fill*         0x10000e16        0x2 
 .text.ph_insert_node
                0x10000e18       0x3c CMakeFiles/main.dir/Users/colli/Pico/pico-sdk/src/common/pico_time/time.c.obj
 .text.ph_free_node
                0x10000e54       0x5c CMakeFiles/main.dir/Users/colli/Pico/pico-sdk/src/common/pico_time/time.c.obj
 .text.get_entry_id_high
                0x10000eb0       0x30 CMakeFiles/main.dir/Users/colli/Pico/pico-sdk/src/common/pico_time/time.c.obj
 .text.alarm_pool_post_alloc_init
                0x10000ee0       0x40 CMakeFiles/main.dir/Users/colli/Pico/pico-sdk/src/common/pico_time/time.c.obj
 .text.sleep_until_callback
                0x10000f20       0x30 CMakeFiles/main.dir/Users/colli/Pico/pico-sdk/src/common/pico_time/time.c.obj
 .text.get_absolute_time
                0x10000f50       0x22 CMakeFiles/main.dir/Users/colli/Pico/pico-sdk/src/common/pico_time/time.c.obj
 .text.make_timeout_time_us
                0x10000f72       0x24 CMakeFiles/main.dir/Users/colli/Pico/pico-sdk/src/common/pico_time/time.c.obj
 *fill*         0x10000f96        0x2 
 .text.add_alarm_under_lock
                0x10000f98       0x94 CMakeFiles/main.dir/Users/colli/Pico/pico-sdk/src/common/pico_time/time.c.obj
 .text.alarm_pool_alarm_callback
                0x1000102c      0x210 CMakeFiles/main.dir/Users/colli/Pico/pico-sdk/src/common/pico_time/time.c.obj
 .text.alarm_pool_init_default
                0x1000123c       0x40 CMakeFiles/main.dir/Users/colli/Pico/pico-sdk/src/common/pico_time/time.c.obj
                0x1000123c                alarm_pool_init_default
 .text.alarm_pool_get_default
                0x1000127c       0x2c CMakeFiles/main.dir/Users/colli/Pico/pico-sdk/src/common/pico_time/time.c.obj
                0x1000127c                alarm_pool_get_default
 .text.alarm_pool_add_alarm_at
                0x100012a8      0x10e CMakeFiles/main.dir/Users/colli/Pico/pico-sdk/src/common/pico_time/time.c.obj
                0x100012a8                alarm_pool_add_alarm_at
 .text.add_alarm_at
                0x100013b6       0x2e CMakeFiles/main.dir/Users/colli/Pico/pico-sdk/src/common/pico_time/time.c.obj
 .text.alarm_pool_cancel_alarm
                0x100013e4       0xa8 CMakeFiles/main.dir/Users/colli/Pico/pico-sdk/src/common/pico_time/time.c.obj
                0x100013e4                alarm_pool_cancel_alarm
 .text.cancel_alarm
                0x1000148c       0x10 CMakeFiles/main.dir/Users/colli/Pico/pico-sdk/src/common/pico_time/time.c.obj
 .text.alarm_pool_core_num
                0x1000149c        0x4 CMakeFiles/main.dir/Users/colli/Pico/pico-sdk/src/common/pico_time/time.c.obj
                0x1000149c                alarm_pool_core_num
 .text.sleep_until
                0x100014a0       0xb0 CMakeFiles/main.dir/Users/colli/Pico/pico-sdk/src/common/pico_time/time.c.obj
                0x100014a0                sleep_until
 .text.sleep_us
                0x10001550       0x1a CMakeFiles/main.dir/Users/colli/Pico/pico-sdk/src/common/pico_time/time.c.obj
                0x10001550                sleep_us
 .text.sleep_ms
                0x1000156a       0x14 CMakeFiles/main.dir/Users/colli/Pico/pico-sdk/src/common/pico_time/time.c.obj
                0x1000156a                sleep_ms
 *fill*         0x1000157e        0x2 
 .text.best_effort_wfe_or_timeout
                0x10001580       0x44 CMakeFiles/main.dir/Users/colli/Pico/pico-sdk/src/common/pico_time/time.c.obj
                0x10001580                best_effort_wfe_or_timeout
 .text.hardware_alarm_irq_handler
                0x100015c4       0x8c CMakeFiles/main.dir/Users/colli/Pico/pico-sdk/src/rp2_common/hardware_timer/timer.c.obj
 .text.hardware_alarm_claim
                0x10001650       0x18 CMakeFiles/main.dir/Users/colli/Pico/pico-sdk/src/rp2_common/hardware_timer/timer.c.obj
                0x10001650                hardware_alarm_claim
 .text.time_us_64
                0x10001668       0x18 CMakeFiles/main.dir/Users/colli/Pico/pico-sdk/src/rp2_common/hardware_timer/timer.c.obj
                0x10001668                time_us_64
 .text.busy_wait_until
                0x10001680       0x28 CMakeFiles/main.dir/Users/colli/Pico/pico-sdk/src/rp2_common/hardware_timer/timer.c.obj
                0x10001680                busy_wait_until
 .text.hardware_alarm_set_callback
                0x100016a8       0x90 CMakeFiles/main.dir/Users/colli/Pico/pico-sdk/src/rp2_common/hardware_timer/timer.c.obj
                0x100016a8                hardware_alarm_set_callback
 .text.hardware_alarm_set_target
                0x10001738       0xe8 CMakeFiles/main.dir/Users/colli/Pico/pico-sdk/src/rp2_common/hardware_timer/timer.c.obj
                0x10001738                hardware_alarm_set_target
 .text.hardware_alarm_cancel
                0x10001820       0x40 CMakeFiles/main.dir/Users/colli/Pico/pico-sdk/src/rp2_common/hardware_timer/timer.c.obj
                0x10001820                hardware_alarm_cancel
 .text.ph_get_node
                0x10001860       0x30 CMakeFiles/main.dir/Users/colli/Pico/pico-sdk/src/common/pico_util/pheap.c.obj
 .text.ph_add_child_node
                0x10001890       0x6c CMakeFiles/main.dir/Users/colli/Pico/pico-sdk/src/common/pico_util/pheap.c.obj
 .text.ph_merge_nodes
                0x100018fc       0x3e CMakeFiles/main.dir/Users/colli/Pico/pico-sdk/src/common/pico_util/pheap.c.obj
 .text.ph_clear
                0x1000193a       0x34 CMakeFiles/main.dir/Users/colli/Pico/pico-sdk/src/common/pico_util/pheap.c.obj
                0x1000193a                ph_clear
 .text.ph_post_alloc_init
                0x1000196e        0xe CMakeFiles/main.dir/Users/colli/Pico/pico-sdk/src/common/pico_util/pheap.c.obj
                0x1000196e                ph_post_alloc_init
 .text.ph_merge_two_pass
                0x1000197c       0x5c CMakeFiles/main.dir/Users/colli/Pico/pico-sdk/src/common/pico_util/pheap.c.obj
                0x1000197c                ph_merge_two_pass
 .text.ph_remove_any_head
                0x100019d8       0xc0 CMakeFiles/main.dir/Users/colli/Pico/pico-sdk/src/common/pico_util/pheap.c.obj
 .text.ph_remove_head
                0x10001a98       0x14 CMakeFiles/main.dir/Users/colli/Pico/pico-sdk/src/common/pico_util/pheap.c.obj
                0x10001a98                ph_remove_head
 .text.ph_remove_and_free_node
                0x10001aac       0xa0 CMakeFiles/main.dir/Users/colli/Pico/pico-sdk/src/common/pico_util/pheap.c.obj
                0x10001aac                ph_remove_and_free_node
 .text.clock_configure
                0x10001b4c      0x108 CMakeFiles/main.dir/Users/colli/Pico/pico-sdk/src/rp2_common/hardware_clocks/clocks.c.obj
                0x10001b4c                clock_configure
 .text.clocks_init
                0x10001c54      0x100 CMakeFiles/main.dir/Users/colli/Pico/pico-sdk/src/rp2_common/hardware_clocks/clocks.c.obj
                0x10001c54                clocks_init
 .text.pll_init
                0x10001d54      0x120 CMakeFiles/main.dir/Users/colli/Pico/pico-sdk/src/rp2_common/hardware_pll/pll.c.obj
                0x10001d54                pll_init
 .text.watchdog_start_tick
                0x10001e74       0x10 CMakeFiles/main.dir/Users/colli/Pico/pico-sdk/src/rp2_common/hardware_watchdog/watchdog.c.obj
                0x10001e74                watchdog_start_tick
 .text.watchdog_update
                0x10001e84       0x14 CMakeFiles/main.dir/Users/colli/Pico/pico-sdk/src/rp2_common/hardware_watchdog/watchdog.c.obj
                0x10001e84                watchdog_update
 .text._watchdog_enable
                0x10001e98       0x78 CMakeFiles/main.dir/Users/colli/Pico/pico-sdk/src/rp2_common/hardware_watchdog/watchdog.c.obj
                0x10001e98                _watchdog_enable
 .text.watchdog_reboot
                0x10001f10       0x48 CMakeFiles/main.dir/Users/colli/Pico/pico-sdk/src/rp2_common/hardware_watchdog/watchdog.c.obj
                0x10001f10                watchdog_reboot
 .text.xosc_init
                0x10001f58       0x28 CMakeFiles/main.dir/Users/colli/Pico/pico-sdk/src/rp2_common/hardware_xosc/xosc.c.obj
                0x10001f58                xosc_init
 .text._exit    0x10001f80        0x4 CMakeFiles/main.dir/Users/colli/Pico/pico-sdk/src/rp2_common/pico_runtime/runtime.c.obj
                0x10001f80                _exit
 .text.exit     0x10001f84        0x6 CMakeFiles/main.dir/Users/colli/Pico/pico-sdk/src/rp2_common/pico_runtime/runtime.c.obj
                0x10001f84                exit
 *fill*         0x10001f8a        0x2 
 .text.__assert_func
                0x10001f8c       0x38 CMakeFiles/main.dir/Users/colli/Pico/pico-sdk/src/rp2_common/pico_runtime/runtime.c.obj
                0x10001f8c                __assert_func
 .text.runtime_init
                0x10001fc4       0xf8 CMakeFiles/main.dir/Users/colli/Pico/pico-sdk/src/rp2_common/pico_runtime/runtime.c.obj
                0x10001fc4                runtime_init
 .text.panic    0x100020bc       0x30 CMakeFiles/main.dir/Users/colli/Pico/pico-sdk/src/rp2_common/pico_runtime/runtime.c.obj
                0x100020bc                panic
 .text._out_null
                0x100020ec        0x2 CMakeFiles/main.dir/Users/colli/Pico/pico-sdk/src/rp2_common/pico_printf/printf.c.obj
 .text._out_fct
                0x100020ee        0xe CMakeFiles/main.dir/Users/colli/Pico/pico-sdk/src/rp2_common/pico_printf/printf.c.obj
 .text._atoi    0x100020fc       0x24 CMakeFiles/main.dir/Users/colli/Pico/pico-sdk/src/rp2_common/pico_printf/printf.c.obj
 .text._out_rev
                0x10002120       0xae CMakeFiles/main.dir/Users/colli/Pico/pico-sdk/src/rp2_common/pico_printf/printf.c.obj
 .text._ntoa_format
                0x100021ce      0x110 CMakeFiles/main.dir/Users/colli/Pico/pico-sdk/src/rp2_common/pico_printf/printf.c.obj
 .text._ntoa_long
                0x100022de       0xbc CMakeFiles/main.dir/Users/colli/Pico/pico-sdk/src/rp2_common/pico_printf/printf.c.obj
 .text._ntoa_long_long
                0x1000239a      0x10e CMakeFiles/main.dir/Users/colli/Pico/pico-sdk/src/rp2_common/pico_printf/printf.c.obj
 .text._etoa    0x100024a8      0x420 CMakeFiles/main.dir/Users/colli/Pico/pico-sdk/src/rp2_common/pico_printf/printf.c.obj
 .text._ftoa    0x100028c8      0x354 CMakeFiles/main.dir/Users/colli/Pico/pico-sdk/src/rp2_common/pico_printf/printf.c.obj
 .text._vsnprintf
                0x10002c1c      0x668 CMakeFiles/main.dir/Users/colli/Pico/pico-sdk/src/rp2_common/pico_printf/printf.c.obj
 .text.vfctprintf
                0x10003284       0x20 CMakeFiles/main.dir/Users/colli/Pico/pico-sdk/src/rp2_common/pico_printf/printf.c.obj
                0x10003284                vfctprintf
 .text          0x100032a4       0x10 CMakeFiles/main.dir/Users/colli/Pico/pico-sdk/src/rp2_common/pico_bit_ops/bit_ops_aeabi.S.obj
 .text.rom_func_lookup
                0x100032b4       0x10 CMakeFiles/main.dir/Users/colli/Pico/pico-sdk/src/rp2_common/pico_bootrom/bootrom.c.obj
                0x100032b4                rom_func_lookup
 .text.rom_data_lookup
                0x100032c4       0x10 CMakeFiles/main.dir/Users/colli/Pico/pico-sdk/src/rp2_common/pico_bootrom/bootrom.c.obj
                0x100032c4                rom_data_lookup
 .text.rom_funcs_lookup
                0x100032d4       0x36 CMakeFiles/main.dir/Users/colli/Pico/pico-sdk/src/rp2_common/pico_bootrom/bootrom.c.obj
                0x100032d4                rom_funcs_lookup
 *fill*         0x1000330a        0x2 
 .text.__wrap___aeabi_idiv
                0x1000330c       0x50 CMakeFiles/main.dir/Users/colli/Pico/pico-sdk/src/rp2_common/pico_divider/divider.S.obj
                0x1000330c                __wrap___aeabi_idivmod
                0x1000330c                divmod_s32s32
                0x1000330c                div_s32s32
                0x1000330c                __wrap___aeabi_idiv
                0x10003314                divmod_s32s32_unsafe
                0x10003340                divmod_s32s32_savestate
 .text.__wrap___aeabi_uidiv
                0x1000335c       0x4c CMakeFiles/main.dir/Users/colli/Pico/pico-sdk/src/rp2_common/pico_divider/divider.S.obj
                0x1000335c                __wrap___aeabi_uidiv
                0x1000335c                __wrap___aeabi_uidivmod
                0x1000335c                div_u32u32
                0x1000335c                divmod_u32u32
                0x10003364                divmod_u32u32_unsafe
                0x1000338c                divmod_u32u32_savestate
 .text.__wrap___aeabi_ldiv
                0x100033a8      0x424 CMakeFiles/main.dir/Users/colli/Pico/pico-sdk/src/rp2_common/pico_divider/divider.S.obj
                0x100033a8                __wrap___aeabi_ldivmod
                0x100033a8                div_s64s64
                0x100033a8                divmod_s64s64
                0x100033d8                divmod_u64u64
                0x100033d8                div_u64u64
                0x100033d8                __wrap___aeabi_uldivmod
                0x100033e8                divmod_u64u64_savestate
                0x10003408                divmod_s64s64_unsafe
                0x10003490                divmod_u64u64_unsafe
 .text.__wrap___aeabi_darithmetic
                0x100037cc       0x80 CMakeFiles/main.dir/Users/colli/Pico/pico-sdk/src/rp2_common/pico_double/double_aeabi.S.obj
                0x100037cc                __wrap___aeabi_drsub
                0x100037d2                __wrap___aeabi_dsub
                0x100037e4                __wrap___aeabi_dadd
                0x100037f6                __wrap___aeabi_ddiv
                0x10003832                __wrap___aeabi_dmul
 .text.__wrap___aeabi_cdcmple
                0x1000384c       0x6c CMakeFiles/main.dir/Users/colli/Pico/pico-sdk/src/rp2_common/pico_double/double_aeabi.S.obj
                0x1000384c                __wrap___aeabi_cdrcmple
                0x1000385c                __wrap___aeabi_cdcmple
                0x1000385c                __wrap___aeabi_cdcmpeq
 .text.__wrap___aeabi_dcmplt
                0x100038b8        0xc CMakeFiles/main.dir/Users/colli/Pico/pico-sdk/src/rp2_common/pico_double/double_aeabi.S.obj
                0x100038b8                __wrap___aeabi_dcmplt
 .text.__wrap___aeabi_dcmple
                0x100038c4       0x10 CMakeFiles/main.dir/Users/colli/Pico/pico-sdk/src/rp2_common/pico_double/double_aeabi.S.obj
                0x100038c4                __wrap___aeabi_dcmple
 .text.__wrap___aeabi_dcmpge
                0x100038d4       0x10 CMakeFiles/main.dir/Users/colli/Pico/pico-sdk/src/rp2_common/pico_double/double_aeabi.S.obj
                0x100038d4                __wrap___aeabi_dcmpge
 .text.__wrap___aeabi_dcmpgt
                0x100038e4        0xa CMakeFiles/main.dir/Users/colli/Pico/pico-sdk/src/rp2_common/pico_double/double_aeabi.S.obj
                0x100038e4                __wrap___aeabi_dcmpgt
 .text.__wrap___aeabi_dcmpun
                0x100038ee       0x1c CMakeFiles/main.dir/Users/colli/Pico/pico-sdk/src/rp2_common/pico_double/double_aeabi.S.obj
                0x100038ee                __wrap___aeabi_dcmpun
 *fill*         0x1000390a        0x2 
 .text.__wrap___aeabi_i2d
                0x1000390c       0x38 CMakeFiles/main.dir/Users/colli/Pico/pico-sdk/src/rp2_common/pico_double/double_aeabi.S.obj
                0x1000390c                __wrap___aeabi_ui2d
                0x10003914                __wrap___aeabi_i2d
 .text.__wrap___aeabi_d2iz
                0x10003944       0x48 CMakeFiles/main.dir/Users/colli/Pico/pico-sdk/src/rp2_common/pico_double/double_aeabi.S.obj
                0x10003944                __wrap___aeabi_d2iz
                0x10003944                double2int_z
 .text.__wrap___aeabi_d2uiz
                0x1000398c       0x18 CMakeFiles/main.dir/Users/colli/Pico/pico-sdk/src/rp2_common/pico_double/double_aeabi.S.obj
                0x1000398c                double2uint
                0x1000398c                __wrap___aeabi_d2uiz
 .text.__aeabi_double_init
                0x100039a4       0xcc CMakeFiles/main.dir/Users/colli/Pico/pico-sdk/src/rp2_common/pico_double/double_init_rom.c.obj
                0x100039a4                __aeabi_double_init
 .text.double_table_shim_on_use_helper
                0x10003a70       0x34 CMakeFiles/main.dir/Users/colli/Pico/pico-sdk/src/rp2_common/pico_double/double_v1_rom_shim.S.obj
                0x10003a70                double_table_shim_on_use_helper
 .text.__wrap___aeabi_dsub
                0x10003aa4       0x10 CMakeFiles/main.dir/Users/colli/Pico/pico-sdk/src/rp2_common/pico_double/double_v1_rom_shim.S.obj
                0x10003aa4                drsub_shim
                0x10003aaa                dsub_shim
 .text.dadd_shim
                0x10003ab4      0x15c CMakeFiles/main.dir/Users/colli/Pico/pico-sdk/src/rp2_common/pico_double/double_v1_rom_shim.S.obj
                0x10003ab4                dadd_shim
 .text.dmul_shim
                0x10003c10      0x15c CMakeFiles/main.dir/Users/colli/Pico/pico-sdk/src/rp2_common/pico_double/double_v1_rom_shim.S.obj
                0x10003c10                dmul_shim
 .text.ddiv_shim
                0x10003d6c      0x1b0 CMakeFiles/main.dir/Users/colli/Pico/pico-sdk/src/rp2_common/pico_double/double_v1_rom_shim.S.obj
                0x10003d6c                ddiv_shim
 .text.double2uint_shim
                0x10003f1c        0xe CMakeFiles/main.dir/Users/colli/Pico/pico-sdk/src/rp2_common/pico_double/double_v1_rom_shim.S.obj
                0x10003f1c                double2uint_shim
                0x10003f1e                double2ufix_shim
 *fill*         0x10003f2a        0x2 
 .text.double2uint64_shim
                0x10003f2c       0x70 CMakeFiles/main.dir/Users/colli/Pico/pico-sdk/src/rp2_common/pico_double/double_v1_rom_shim.S.obj
                0x10003f2c                double2uint64_shim
                0x10003f2e                double2ufix64_shim
                0x10003f4e                d2fix_a
 .text.dunpacks
                0x10003f9c       0x3c CMakeFiles/main.dir/Users/colli/Pico/pico-sdk/src/rp2_common/pico_double/double_v1_rom_shim.S.obj
                0x10003f9c                dunpacks
 .text.__aeabi_lmul
                0x10003fd8       0x32 CMakeFiles/main.dir/Users/colli/Pico/pico-sdk/src/rp2_common/pico_int64_ops/pico_int64_ops_aeabi.S.obj
                0x10003fd8                __wrap___aeabi_lmul
 *fill*         0x1000400a        0x2 
 .text.__aeabi_float_init
                0x1000400c       0xfc CMakeFiles/main.dir/Users/colli/Pico/pico-sdk/src/rp2_common/pico_float/float_init_rom.c.obj
                0x1000400c                __aeabi_float_init
 .text.float_table_shim_on_use_helper
                0x10004108       0x34 CMakeFiles/main.dir/Users/colli/Pico/pico-sdk/src/rp2_common/pico_float/float_v1_rom_shim.S.obj
                0x10004108                float_table_shim_on_use_helper
 .text          0x1000413c       0x10 CMakeFiles/main.dir/Users/colli/Pico/pico-sdk/src/rp2_common/pico_mem_ops/mem_ops_aeabi.S.obj
                0x1000413c                __aeabi_mem_init
 .text.memset   0x1000414c        0xc CMakeFiles/main.dir/Users/colli/Pico/pico-sdk/src/rp2_common/pico_mem_ops/mem_ops_aeabi.S.obj
                0x1000414c                __wrap_memset
 .text.memcpy   0x10004158        0xc CMakeFiles/main.dir/Users/colli/Pico/pico-sdk/src/rp2_common/pico_mem_ops/mem_ops_aeabi.S.obj
                0x10004158                __wrap___aeabi_memcpy
                0x10004158                __wrap_memcpy
 .text.stdio_out_chars_no_crlf
                0x10004164        0xe CMakeFiles/main.dir/Users/colli/Pico/pico-sdk/src/rp2_common/pico_stdio/stdio.c.obj
 *fill*         0x10004172        0x2 
 .text.stdio_out_chars_crlf
                0x10004174       0x80 CMakeFiles/main.dir/Users/colli/Pico/pico-sdk/src/rp2_common/pico_stdio/stdio.c.obj
 .text.stdio_stack_buffer_flush
                0x100041f4       0x44 CMakeFiles/main.dir/Users/colli/Pico/pico-sdk/src/rp2_common/pico_stdio/stdio.c.obj
 .text.stdio_buffered_printer
                0x10004238       0x20 CMakeFiles/main.dir/Users/colli/Pico/pico-sdk/src/rp2_common/pico_stdio/stdio.c.obj
 .text.update_us_since_boot
                0x10004258       0x24 CMakeFiles/main.dir/Users/colli/Pico/pico-sdk/src/rp2_common/pico_stdio/stdio.c.obj
 .text.get_absolute_time
                0x1000427c       0x22 CMakeFiles/main.dir/Users/colli/Pico/pico-sdk/src/rp2_common/pico_stdio/stdio.c.obj
 *fill*         0x1000429e        0x2 
 .text.delayed_by_ms
                0x100042a0       0x44 CMakeFiles/main.dir/Users/colli/Pico/pico-sdk/src/rp2_common/pico_stdio/stdio.c.obj
 .text.make_timeout_time_ms
                0x100042e4       0x20 CMakeFiles/main.dir/Users/colli/Pico/pico-sdk/src/rp2_common/pico_stdio/stdio.c.obj
 .text.stdout_serialize_begin
                0x10004304       0x20 CMakeFiles/main.dir/Users/colli/Pico/pico-sdk/src/rp2_common/pico_stdio/stdio.c.obj
                0x10004304                stdout_serialize_begin
 .text.stdout_serialize_end
                0x10004324       0x10 CMakeFiles/main.dir/Users/colli/Pico/pico-sdk/src/rp2_common/pico_stdio/stdio.c.obj
                0x10004324                stdout_serialize_end
 .text.stdio_put_string
                0x10004334       0x98 CMakeFiles/main.dir/Users/colli/Pico/pico-sdk/src/rp2_common/pico_stdio/stdio.c.obj
 .text.stdio_set_driver_enabled
                0x100043cc       0x2c CMakeFiles/main.dir/Users/colli/Pico/pico-sdk/src/rp2_common/pico_stdio/stdio.c.obj
                0x100043cc                stdio_set_driver_enabled
 .text.stdio_flush
                0x100043f8       0x20 CMakeFiles/main.dir/Users/colli/Pico/pico-sdk/src/rp2_common/pico_stdio/stdio.c.obj
                0x100043f8                stdio_flush
 .text.__wrap_puts
                0x10004418       0x1e CMakeFiles/main.dir/Users/colli/Pico/pico-sdk/src/rp2_common/pico_stdio/stdio.c.obj
                0x10004418                __wrap_puts
 *fill*         0x10004436        0x2 
 .text.__wrap_vprintf
                0x10004438       0x40 CMakeFiles/main.dir/Users/colli/Pico/pico-sdk/src/rp2_common/pico_stdio/stdio.c.obj
                0x10004438                __wrap_vprintf
 .text.__wrap_printf
                0x10004478       0x18 CMakeFiles/main.dir/Users/colli/Pico/pico-sdk/src/rp2_common/pico_stdio/stdio.c.obj
                0x10004478                __wrap_printf
 .text.stdio_init_all
                0x10004490        0x8 CMakeFiles/main.dir/Users/colli/Pico/pico-sdk/src/rp2_common/pico_stdio/stdio.c.obj
                0x10004490                stdio_init_all
 .text.resetd_init
                0x10004498        0x2 CMakeFiles/main.dir/Users/colli/Pico/pico-sdk/src/rp2_common/pico_stdio_usb/reset_interface.c.obj
 *fill*         0x1000449a        0x2 
 .text.resetd_reset
                0x1000449c        0xc CMakeFiles/main.dir/Users/colli/Pico/pico-sdk/src/rp2_common/pico_stdio_usb/reset_interface.c.obj
 .text.resetd_open
                0x100044a8       0x34 CMakeFiles/main.dir/Users/colli/Pico/pico-sdk/src/rp2_common/pico_stdio_usb/reset_interface.c.obj
 .text.resetd_xfer_cb
                0x100044dc        0x4 CMakeFiles/main.dir/Users/colli/Pico/pico-sdk/src/rp2_common/pico_stdio_usb/reset_interface.c.obj
 .text.reset_usb_boot
                0x100044e0       0x18 CMakeFiles/main.dir/Users/colli/Pico/pico-sdk/src/rp2_common/pico_stdio_usb/reset_interface.c.obj
 .text.resetd_control_xfer_cb
                0x100044f8       0x5c CMakeFiles/main.dir/Users/colli/Pico/pico-sdk/src/rp2_common/pico_stdio_usb/reset_interface.c.obj
 .text.usbd_app_driver_get_cb
                0x10004554        0xc CMakeFiles/main.dir/Users/colli/Pico/pico-sdk/src/rp2_common/pico_stdio_usb/reset_interface.c.obj
                0x10004554                usbd_app_driver_get_cb
 .text.tud_cdc_line_coding_cb
                0x10004560       0x28 CMakeFiles/main.dir/Users/colli/Pico/pico-sdk/src/rp2_common/pico_stdio_usb/reset_interface.c.obj
                0x10004560                tud_cdc_line_coding_cb
 .text.stdio_usb_set_chars_available_callback
                0x10004588       0x14 CMakeFiles/main.dir/Users/colli/Pico/pico-sdk/src/rp2_common/pico_stdio_usb/stdio_usb.c.obj
                0x10004588                stdio_usb_set_chars_available_callback
 .text.update_us_since_boot
                0x1000459c       0x24 CMakeFiles/main.dir/Users/colli/Pico/pico-sdk/src/rp2_common/pico_stdio_usb/stdio_usb.c.obj
 .text.get_absolute_time
                0x100045c0       0x22 CMakeFiles/main.dir/Users/colli/Pico/pico-sdk/src/rp2_common/pico_stdio_usb/stdio_usb.c.obj
 *fill*         0x100045e2        0x2 
 .text.delayed_by_ms
                0x100045e4       0x44 CMakeFiles/main.dir/Users/colli/Pico/pico-sdk/src/rp2_common/pico_stdio_usb/stdio_usb.c.obj
 .text.make_timeout_time_ms
                0x10004628       0x20 CMakeFiles/main.dir/Users/colli/Pico/pico-sdk/src/rp2_common/pico_stdio_usb/stdio_usb.c.obj
 .text.delayed_by_us
                0x10004648       0x34 CMakeFiles/main.dir/Users/colli/Pico/pico-sdk/src/rp2_common/pico_stdio_usb/stdio_usb.c.obj
 .text.usb_irq  0x1000467c       0x10 CMakeFiles/main.dir/Users/colli/Pico/pico-sdk/src/rp2_common/pico_stdio_usb/stdio_usb.c.obj
 .text.critical_section_enter_blocking
                0x1000468c       0x16 CMakeFiles/main.dir/Users/colli/Pico/pico-sdk/src/rp2_common/pico_stdio_usb/stdio_usb.c.obj
 *fill*         0x100046a2        0x2 
 .text.timer_task
                0x100046a4       0x4c CMakeFiles/main.dir/Users/colli/Pico/pico-sdk/src/rp2_common/pico_stdio_usb/stdio_usb.c.obj
 .text.alarm_pool_add_alarm_in_us
                0x100046f0       0x3a CMakeFiles/main.dir/Users/colli/Pico/pico-sdk/src/rp2_common/pico_stdio_usb/stdio_usb.c.obj
 .text.add_alarm_in_us
                0x1000472a       0x2e CMakeFiles/main.dir/Users/colli/Pico/pico-sdk/src/rp2_common/pico_stdio_usb/stdio_usb.c.obj
 .text.low_priority_worker_irq
                0x10004758       0x7c CMakeFiles/main.dir/Users/colli/Pico/pico-sdk/src/rp2_common/pico_stdio_usb/stdio_usb.c.obj
 .text.tud_cdc_rx_cb
                0x100047d4       0x20 CMakeFiles/main.dir/Users/colli/Pico/pico-sdk/src/rp2_common/pico_stdio_usb/stdio_usb.c.obj
                0x100047d4                tud_cdc_rx_cb
 .text.stdio_usb_init
                0x100047f4       0xd0 CMakeFiles/main.dir/Users/colli/Pico/pico-sdk/src/rp2_common/pico_stdio_usb/stdio_usb.c.obj
                0x100047f4                stdio_usb_init
 .text.stdio_usb_connected
                0x100048c4        0xa CMakeFiles/main.dir/Users/colli/Pico/pico-sdk/src/rp2_common/pico_stdio_usb/stdio_usb.c.obj
                0x100048c4                stdio_usb_connected
 *fill*         0x100048ce        0x2 
 .text.stdio_usb_in_chars
                0x100048d0       0x88 CMakeFiles/main.dir/Users/colli/Pico/pico-sdk/src/rp2_common/pico_stdio_usb/stdio_usb.c.obj
                0x100048d0                stdio_usb_in_chars
 .text.stdio_usb_out_chars
                0x10004958       0xd8 CMakeFiles/main.dir/Users/colli/Pico/pico-sdk/src/rp2_common/pico_stdio_usb/stdio_usb.c.obj
 .text.tud_descriptor_device_cb
                0x10004a30        0x8 CMakeFiles/main.dir/Users/colli/Pico/pico-sdk/src/rp2_common/pico_stdio_usb/stdio_usb_descriptors.c.obj
                0x10004a30                tud_descriptor_device_cb
 .text.tud_descriptor_configuration_cb
                0x10004a38        0x8 CMakeFiles/main.dir/Users/colli/Pico/pico-sdk/src/rp2_common/pico_stdio_usb/stdio_usb_descriptors.c.obj
                0x10004a38                tud_descriptor_configuration_cb
 .text.tud_descriptor_string_cb
                0x10004a40       0x6c CMakeFiles/main.dir/Users/colli/Pico/pico-sdk/src/rp2_common/pico_stdio_usb/stdio_usb_descriptors.c.obj
                0x10004a40                tud_descriptor_string_cb
 .text._retrieve_unique_id_on_boot
                0x10004aac       0x10 CMakeFiles/main.dir/Users/colli/Pico/pico-sdk/src/rp2_common/pico_unique_id/unique_id.c.obj
 .text.pico_get_unique_board_id_string
                0x10004abc       0x5c CMakeFiles/main.dir/Users/colli/Pico/pico-sdk/src/rp2_common/pico_unique_id/unique_id.c.obj
                0x10004abc                pico_get_unique_board_id_string
 .text.flash_get_unique_id
                0x10004b18       0x40 CMakeFiles/main.dir/Users/colli/Pico/pico-sdk/src/rp2_common/hardware_flash/flash.c.obj
                0x10004b18                flash_get_unique_id
 .text.hw_endpoint_get_by_addr
                0x10004b58       0x18 CMakeFiles/main.dir/Users/colli/Pico/pico-sdk/lib/tinyusb/src/portable/raspberrypi/rp2040/dcd_rp2040.c.obj
 .text._hw_endpoint_alloc
                0x10004b70       0x70 CMakeFiles/main.dir/Users/colli/Pico/pico-sdk/lib/tinyusb/src/portable/raspberrypi/rp2040/dcd_rp2040.c.obj
 .text.hw_endpoint_init
                0x10004be0       0x88 CMakeFiles/main.dir/Users/colli/Pico/pico-sdk/lib/tinyusb/src/portable/raspberrypi/rp2040/dcd_rp2040.c.obj
 .text.dcd_event_sof
                0x10004c68       0x2c CMakeFiles/main.dir/Users/colli/Pico/pico-sdk/lib/tinyusb/src/portable/raspberrypi/rp2040/dcd_rp2040.c.obj
 .text.hw_endpoint_xfer
                0x10004c94       0x14 CMakeFiles/main.dir/Users/colli/Pico/pico-sdk/lib/tinyusb/src/portable/raspberrypi/rp2040/dcd_rp2040.c.obj
 .text.dcd_int_enable
                0x10004ca8       0x2c CMakeFiles/main.dir/Users/colli/Pico/pico-sdk/lib/tinyusb/src/portable/raspberrypi/rp2040/dcd_rp2040.c.obj
                0x10004ca8                dcd_int_enable
 .text.dcd_set_address
                0x10004cd4       0x2c CMakeFiles/main.dir/Users/colli/Pico/pico-sdk/lib/tinyusb/src/portable/raspberrypi/rp2040/dcd_rp2040.c.obj
                0x10004cd4                dcd_set_address
 .text.dcd_connect
                0x10004d00       0x10 CMakeFiles/main.dir/Users/colli/Pico/pico-sdk/lib/tinyusb/src/portable/raspberrypi/rp2040/dcd_rp2040.c.obj
                0x10004d00                dcd_connect
 .text.dcd_init
                0x10004d10       0x80 CMakeFiles/main.dir/Users/colli/Pico/pico-sdk/lib/tinyusb/src/portable/raspberrypi/rp2040/dcd_rp2040.c.obj
                0x10004d10                dcd_init
 .text.dcd_edpt0_status_complete
                0x10004d90       0x1c CMakeFiles/main.dir/Users/colli/Pico/pico-sdk/lib/tinyusb/src/portable/raspberrypi/rp2040/dcd_rp2040.c.obj
                0x10004d90                dcd_edpt0_status_complete
 .text.dcd_edpt_open
                0x10004dac       0x40 CMakeFiles/main.dir/Users/colli/Pico/pico-sdk/lib/tinyusb/src/portable/raspberrypi/rp2040/dcd_rp2040.c.obj
                0x10004dac                dcd_edpt_open
 .text.dcd_edpt_close_all
                0x10004dec        0x8 CMakeFiles/main.dir/Users/colli/Pico/pico-sdk/lib/tinyusb/src/portable/raspberrypi/rp2040/dcd_rp2040.c.obj
                0x10004dec                dcd_edpt_close_all
 .text.dcd_edpt_xfer
                0x10004df4       0x34 CMakeFiles/main.dir/Users/colli/Pico/pico-sdk/lib/tinyusb/src/portable/raspberrypi/rp2040/dcd_rp2040.c.obj
                0x10004df4                dcd_edpt_xfer
 .text.dcd_edpt_stall
                0x10004e28       0x2c CMakeFiles/main.dir/Users/colli/Pico/pico-sdk/lib/tinyusb/src/portable/raspberrypi/rp2040/dcd_rp2040.c.obj
                0x10004e28                dcd_edpt_stall
 .text.dcd_edpt_clear_stall
                0x10004e54       0x20 CMakeFiles/main.dir/Users/colli/Pico/pico-sdk/lib/tinyusb/src/portable/raspberrypi/rp2040/dcd_rp2040.c.obj
                0x10004e54                dcd_edpt_clear_stall
 .text.rp2040_usb_init
                0x10004e74       0x4c CMakeFiles/main.dir/Users/colli/Pico/pico-sdk/lib/tinyusb/src/portable/raspberrypi/rp2040/rp2040_usb.c.obj
                0x10004e74                rp2040_usb_init
 .text.hw_endpoint_xfer_start
                0x10004ec0       0x50 CMakeFiles/main.dir/Users/colli/Pico/pico-sdk/lib/tinyusb/src/portable/raspberrypi/rp2040/rp2040_usb.c.obj
                0x10004ec0                hw_endpoint_xfer_start
 .text.configuration_reset
                0x10004f10       0x84 CMakeFiles/main.dir/Users/colli/Pico/pico-sdk/lib/tinyusb/src/device/usbd.c.obj
 .text.critical_section_enter_blocking
                0x10004f94       0x16 CMakeFiles/main.dir/Users/colli/Pico/pico-sdk/lib/tinyusb/src/device/usbd.c.obj
 .text.usbd_reset
                0x10004faa        0xc CMakeFiles/main.dir/Users/colli/Pico/pico-sdk/lib/tinyusb/src/device/usbd.c.obj
 .text.invoke_class_control
                0x10004fb6       0x1a CMakeFiles/main.dir/Users/colli/Pico/pico-sdk/lib/tinyusb/src/device/usbd.c.obj
 .text.process_set_config
                0x10004fd0      0x178 CMakeFiles/main.dir/Users/colli/Pico/pico-sdk/lib/tinyusb/src/device/usbd.c.obj
 .text.process_get_descriptor
                0x10005148       0xdc CMakeFiles/main.dir/Users/colli/Pico/pico-sdk/lib/tinyusb/src/device/usbd.c.obj
 .text.tud_mounted
                0x10005224       0x10 CMakeFiles/main.dir/Users/colli/Pico/pico-sdk/lib/tinyusb/src/device/usbd.c.obj
                0x10005224                tud_mounted
 .text.tud_suspended
                0x10005234       0x10 CMakeFiles/main.dir/Users/colli/Pico/pico-sdk/lib/tinyusb/src/device/usbd.c.obj
                0x10005234                tud_suspended
 .text.tud_inited
                0x10005244       0x14 CMakeFiles/main.dir/Users/colli/Pico/pico-sdk/lib/tinyusb/src/device/usbd.c.obj
                0x10005244                tud_inited
 .text.tud_init
                0x10005258       0xcc CMakeFiles/main.dir/Users/colli/Pico/pico-sdk/lib/tinyusb/src/device/usbd.c.obj
                0x10005258                tud_init
 .text.usbd_defer_func
                0x10005324       0x2a CMakeFiles/main.dir/Users/colli/Pico/pico-sdk/lib/tinyusb/src/device/usbd.c.obj
                0x10005324                usbd_defer_func
 *fill*         0x1000534e        0x2 
 .text.usbd_edpt_open
                0x10005350       0x34 CMakeFiles/main.dir/Users/colli/Pico/pico-sdk/lib/tinyusb/src/device/usbd.c.obj
                0x10005350                usbd_edpt_open
 .text.usbd_open_edpt_pair
                0x10005384       0x62 CMakeFiles/main.dir/Users/colli/Pico/pico-sdk/lib/tinyusb/src/device/usbd.c.obj
                0x10005384                usbd_open_edpt_pair
 *fill*         0x100053e6        0x2 
 .text.usbd_edpt_claim
                0x100053e8       0x28 CMakeFiles/main.dir/Users/colli/Pico/pico-sdk/lib/tinyusb/src/device/usbd.c.obj
                0x100053e8                usbd_edpt_claim
 .text.usbd_edpt_release
                0x10005410       0x28 CMakeFiles/main.dir/Users/colli/Pico/pico-sdk/lib/tinyusb/src/device/usbd.c.obj
                0x10005410                usbd_edpt_release
 .text.usbd_edpt_xfer
                0x10005438       0x78 CMakeFiles/main.dir/Users/colli/Pico/pico-sdk/lib/tinyusb/src/device/usbd.c.obj
                0x10005438                usbd_edpt_xfer
 .text.usbd_edpt_stall
                0x100054b0       0x48 CMakeFiles/main.dir/Users/colli/Pico/pico-sdk/lib/tinyusb/src/device/usbd.c.obj
                0x100054b0                usbd_edpt_stall
 .text.usbd_edpt_clear_stall
                0x100054f8       0x48 CMakeFiles/main.dir/Users/colli/Pico/pico-sdk/lib/tinyusb/src/device/usbd.c.obj
                0x100054f8                usbd_edpt_clear_stall
 .text.usbd_edpt_stalled
                0x10005540       0x1c CMakeFiles/main.dir/Users/colli/Pico/pico-sdk/lib/tinyusb/src/device/usbd.c.obj
                0x10005540                usbd_edpt_stalled
 .text.process_control_request
                0x1000555c      0x374 CMakeFiles/main.dir/Users/colli/Pico/pico-sdk/lib/tinyusb/src/device/usbd.c.obj
 .text.tud_task_ext
                0x100058d0      0x1a8 CMakeFiles/main.dir/Users/colli/Pico/pico-sdk/lib/tinyusb/src/device/usbd.c.obj
                0x100058d0                tud_task_ext
 .text._status_stage_xact
                0x10005a78       0x1a CMakeFiles/main.dir/Users/colli/Pico/pico-sdk/lib/tinyusb/src/device/usbd_control.c.obj
 *fill*         0x10005a92        0x2 
 .text._data_stage_xact
                0x10005a94       0x58 CMakeFiles/main.dir/Users/colli/Pico/pico-sdk/lib/tinyusb/src/device/usbd_control.c.obj
 .text.tud_control_status
                0x10005aec       0x28 CMakeFiles/main.dir/Users/colli/Pico/pico-sdk/lib/tinyusb/src/device/usbd_control.c.obj
                0x10005aec                tud_control_status
 .text.tud_control_xfer
                0x10005b14       0x68 CMakeFiles/main.dir/Users/colli/Pico/pico-sdk/lib/tinyusb/src/device/usbd_control.c.obj
                0x10005b14                tud_control_xfer
 .text.usbd_control_reset
                0x10005b7c       0x14 CMakeFiles/main.dir/Users/colli/Pico/pico-sdk/lib/tinyusb/src/device/usbd_control.c.obj
                0x10005b7c                usbd_control_reset
 .text.usbd_control_set_complete_callback
                0x10005b90        0xc CMakeFiles/main.dir/Users/colli/Pico/pico-sdk/lib/tinyusb/src/device/usbd_control.c.obj
                0x10005b90                usbd_control_set_complete_callback
 .text.usbd_control_set_request
                0x10005b9c       0x1c CMakeFiles/main.dir/Users/colli/Pico/pico-sdk/lib/tinyusb/src/device/usbd_control.c.obj
                0x10005b9c                usbd_control_set_request
 .text.usbd_control_xfer_cb
                0x10005bb8       0xbc CMakeFiles/main.dir/Users/colli/Pico/pico-sdk/lib/tinyusb/src/device/usbd_control.c.obj
                0x10005bb8                usbd_control_xfer_cb
 .text._prep_out_transaction
                0x10005c74       0x4a CMakeFiles/main.dir/Users/colli/Pico/pico-sdk/lib/tinyusb/src/class/cdc/cdc_device.c.obj
 *fill*         0x10005cbe        0x2 
 .text.tud_cdc_n_connected
                0x10005cc0       0x38 CMakeFiles/main.dir/Users/colli/Pico/pico-sdk/lib/tinyusb/src/class/cdc/cdc_device.c.obj
                0x10005cc0                tud_cdc_n_connected
 .text.tud_cdc_n_available
                0x10005cf8       0x18 CMakeFiles/main.dir/Users/colli/Pico/pico-sdk/lib/tinyusb/src/class/cdc/cdc_device.c.obj
                0x10005cf8                tud_cdc_n_available
 .text.tud_cdc_n_read
                0x10005d10       0x28 CMakeFiles/main.dir/Users/colli/Pico/pico-sdk/lib/tinyusb/src/class/cdc/cdc_device.c.obj
                0x10005d10                tud_cdc_n_read
 .text.tud_cdc_n_write_flush
                0x10005d38       0xb8 CMakeFiles/main.dir/Users/colli/Pico/pico-sdk/lib/tinyusb/src/class/cdc/cdc_device.c.obj
                0x10005d38                tud_cdc_n_write_flush
 .text.tud_cdc_n_write
                0x10005df0       0x38 CMakeFiles/main.dir/Users/colli/Pico/pico-sdk/lib/tinyusb/src/class/cdc/cdc_device.c.obj
                0x10005df0                tud_cdc_n_write
 .text.tud_cdc_n_write_available
                0x10005e28       0x1c CMakeFiles/main.dir/Users/colli/Pico/pico-sdk/lib/tinyusb/src/class/cdc/cdc_device.c.obj
                0x10005e28                tud_cdc_n_write_available
 .text.cdcd_init
                0x10005e44       0xbc CMakeFiles/main.dir/Users/colli/Pico/pico-sdk/lib/tinyusb/src/class/cdc/cdc_device.c.obj
                0x10005e44                cdcd_init
 .text.cdcd_reset
                0x10005f00       0x44 CMakeFiles/main.dir/Users/colli/Pico/pico-sdk/lib/tinyusb/src/class/cdc/cdc_device.c.obj
                0x10005f00                cdcd_reset
 .text.cdcd_open
                0x10005f44       0xc4 CMakeFiles/main.dir/Users/colli/Pico/pico-sdk/lib/tinyusb/src/class/cdc/cdc_device.c.obj
                0x10005f44                cdcd_open
 .text.cdcd_control_xfer_cb
                0x10006008      0x134 CMakeFiles/main.dir/Users/colli/Pico/pico-sdk/lib/tinyusb/src/class/cdc/cdc_device.c.obj
                0x10006008                cdcd_control_xfer_cb
 .text.cdcd_xfer_cb
                0x1000613c      0x130 CMakeFiles/main.dir/Users/colli/Pico/pico-sdk/lib/tinyusb/src/class/cdc/cdc_device.c.obj
                0x1000613c                cdcd_xfer_cb
 .text.tusb_init
                0x1000626c        0xa CMakeFiles/main.dir/Users/colli/Pico/pico-sdk/lib/tinyusb/src/tusb.c.obj
                0x1000626c                tusb_init
 .text.tusb_inited
                0x10006276        0xe CMakeFiles/main.dir/Users/colli/Pico/pico-sdk/lib/tinyusb/src/tusb.c.obj
                0x10006276                tusb_inited
 .text.tu_edpt_claim
                0x10006284       0x50 CMakeFiles/main.dir/Users/colli/Pico/pico-sdk/lib/tinyusb/src/tusb.c.obj
                0x10006284                tu_edpt_claim
 .text.tu_edpt_release
                0x100062d4       0x38 CMakeFiles/main.dir/Users/colli/Pico/pico-sdk/lib/tinyusb/src/tusb.c.obj
                0x100062d4                tu_edpt_release
 .text.tu_edpt_validate
                0x1000630c       0x78 CMakeFiles/main.dir/Users/colli/Pico/pico-sdk/lib/tinyusb/src/tusb.c.obj
                0x1000630c                tu_edpt_validate
 .text.tu_edpt_bind_driver
                0x10006384       0x26 CMakeFiles/main.dir/Users/colli/Pico/pico-sdk/lib/tinyusb/src/tusb.c.obj
                0x10006384                tu_edpt_bind_driver
 .text.advance_index
                0x100063aa       0x1a CMakeFiles/main.dir/Users/colli/Pico/pico-sdk/lib/tinyusb/src/common/tusb_fifo.c.obj
 .text._tu_fifo_peek
                0x100063c4       0x56 CMakeFiles/main.dir/Users/colli/Pico/pico-sdk/lib/tinyusb/src/common/tusb_fifo.c.obj
 .text._ff_pull_const_addr
                0x1000641a       0x4c CMakeFiles/main.dir/Users/colli/Pico/pico-sdk/lib/tinyusb/src/common/tusb_fifo.c.obj
 .text._ff_pull_n
                0x10006466      0x110 CMakeFiles/main.dir/Users/colli/Pico/pico-sdk/lib/tinyusb/src/common/tusb_fifo.c.obj
 .text._tu_fifo_peek_n
                0x10006576       0x6a CMakeFiles/main.dir/Users/colli/Pico/pico-sdk/lib/tinyusb/src/common/tusb_fifo.c.obj
 .text._tu_fifo_read_n
                0x100065e0       0x4e CMakeFiles/main.dir/Users/colli/Pico/pico-sdk/lib/tinyusb/src/common/tusb_fifo.c.obj
 .text._ff_push_const_addr
                0x1000662e       0x40 CMakeFiles/main.dir/Users/colli/Pico/pico-sdk/lib/tinyusb/src/common/tusb_fifo.c.obj
 .text._ff_push_n
                0x1000666e      0x10c CMakeFiles/main.dir/Users/colli/Pico/pico-sdk/lib/tinyusb/src/common/tusb_fifo.c.obj
 .text._tu_fifo_write_n
                0x1000677a       0xf0 CMakeFiles/main.dir/Users/colli/Pico/pico-sdk/lib/tinyusb/src/common/tusb_fifo.c.obj
 .text.tu_fifo_config
                0x1000686a       0x7c CMakeFiles/main.dir/Users/colli/Pico/pico-sdk/lib/tinyusb/src/common/tusb_fifo.c.obj
                0x1000686a                tu_fifo_config
 .text.tu_fifo_count
                0x100068e6       0x2a CMakeFiles/main.dir/Users/colli/Pico/pico-sdk/lib/tinyusb/src/common/tusb_fifo.c.obj
                0x100068e6                tu_fifo_count
 .text.tu_fifo_empty
                0x10006910        0xe CMakeFiles/main.dir/Users/colli/Pico/pico-sdk/lib/tinyusb/src/common/tusb_fifo.c.obj
                0x10006910                tu_fifo_empty
 .text.tu_fifo_full
                0x1000691e       0x28 CMakeFiles/main.dir/Users/colli/Pico/pico-sdk/lib/tinyusb/src/common/tusb_fifo.c.obj
                0x1000691e                tu_fifo_full
 .text.tu_fifo_remaining
                0x10006946       0x2c CMakeFiles/main.dir/Users/colli/Pico/pico-sdk/lib/tinyusb/src/common/tusb_fifo.c.obj
                0x10006946                tu_fifo_remaining
 .text.tu_fifo_read
                0x10006972       0x42 CMakeFiles/main.dir/Users/colli/Pico/pico-sdk/lib/tinyusb/src/common/tusb_fifo.c.obj
                0x10006972                tu_fifo_read
 .text.tu_fifo_read_n
                0x100069b4        0xa CMakeFiles/main.dir/Users/colli/Pico/pico-sdk/lib/tinyusb/src/common/tusb_fifo.c.obj
                0x100069b4                tu_fifo_read_n
 .text.tu_fifo_write
                0x100069be       0x64 CMakeFiles/main.dir/Users/colli/Pico/pico-sdk/lib/tinyusb/src/common/tusb_fifo.c.obj
                0x100069be                tu_fifo_write
 .text.tu_fifo_write_n
                0x10006a22        0xa CMakeFiles/main.dir/Users/colli/Pico/pico-sdk/lib/tinyusb/src/common/tusb_fifo.c.obj
                0x10006a22                tu_fifo_write_n
 .text.tu_fifo_clear
                0x10006a2c       0x3e CMakeFiles/main.dir/Users/colli/Pico/pico-sdk/lib/tinyusb/src/common/tusb_fifo.c.obj
                0x10006a2c                tu_fifo_clear
 .text.tu_fifo_set_overwritable
                0x10006a6a       0x46 CMakeFiles/main.dir/Users/colli/Pico/pico-sdk/lib/tinyusb/src/common/tusb_fifo.c.obj
                0x10006a6a                tu_fifo_set_overwritable
 .text.strlen   0x10006ab0       0x5c /Applications/ArmGNUToolchain/13.2.Rel1/arm-none-eabi/bin/../lib/gcc/arm-none-eabi/13.2.1/../../../../arm-none-eabi/lib/thumb/v6-m/nofp/libg.a(libc_a-strlen-stub.o)
                0x10006ab0                strlen
 *(.fini)
 .fini          0x10006b0c        0x4 /Applications/ArmGNUToolchain/13.2.Rel1/arm-none-eabi/bin/../lib/gcc/arm-none-eabi/13.2.1/thumb/v6-m/nofp/crti.o
                0x10006b0c                _fini
 .fini.__stub   0x10006b10       0xe0 linker stubs
 *crtbegin.o(.ctors)
 *crtbegin?.o(.ctors)
 *(EXCLUDE_FILE(*crtend.o *crtend?.o) .ctors)
 *(SORT_BY_NAME(.ctors.*))
 *(.ctors)
 *crtbegin.o(.dtors)
 *crtbegin?.o(.dtors)
 *(EXCLUDE_FILE(*crtend.o *crtend?.o) .dtors)
 *(SORT_BY_NAME(.dtors.*))
 *(.dtors)
 *(.eh_frame*)
 .eh_frame      0x10006bf0        0x0 /Applications/ArmGNUToolchain/13.2.Rel1/arm-none-eabi/bin/../lib/gcc/arm-none-eabi/13.2.1/thumb/v6-m/nofp/crtbegin.o
                0x10006bf0                        . = ALIGN (0x4)

.glue_7         0x10006bf0        0x0
 .glue_7        0x10006bf0        0x0 linker stubs

.glue_7t        0x10006bf0        0x0
 .glue_7t       0x10006bf0        0x0 linker stubs

.vfp11_veneer   0x10006bf0        0x0
 .vfp11_veneer  0x10006bf0        0x0 linker stubs

.v4_bx          0x10006bf0        0x0
 .v4_bx         0x10006bf0        0x0 linker stubs

.iplt           0x10006bf0        0x0
 .iplt          0x10006bf0        0x0 /Applications/ArmGNUToolchain/13.2.Rel1/arm-none-eabi/bin/../lib/gcc/arm-none-eabi/13.2.1/thumb/v6-m/nofp/crtbegin.o

.rodata         0x10006bf0     0x1510
 *(EXCLUDE_FILE(*libm.a: *libc.a:*lib_a-mem*.o *libgcc.a:) .rodata*)
 .rodata.main.str1.4
                0x10006bf0      0xe63 CMakeFiles/main.dir/main.c.obj
                                  0xd (size before relaxing)
 .rodata.spin_lock_claim_unused.str1.4
                0x10007a53       0x1b CMakeFiles/main.dir/Users/colli/Pico/pico-sdk/src/rp2_common/hardware_sync/sync.c.obj
 .rodata.resolve_branch.str1.4
                0x10007a53       0x55 CMakeFiles/main.dir/Users/colli/Pico/pico-sdk/src/rp2_common/hardware_irq/irq.c.obj
 .rodata.make_branch.str1.4
                0x10007a53       0x30 CMakeFiles/main.dir/Users/colli/Pico/pico-sdk/src/rp2_common/hardware_irq/irq.c.obj
 .rodata.insert_branch_and_link.str1.4
                0x10007a53       0x10 CMakeFiles/main.dir/Users/colli/Pico/pico-sdk/src/rp2_common/hardware_irq/irq.c.obj
 .rodata.irq_set_exclusive_handler.str1.4
                0x10007a53       0x36 CMakeFiles/main.dir/Users/colli/Pico/pico-sdk/src/rp2_common/hardware_irq/irq.c.obj
 .rodata.irq_add_shared_handler.str1.4
                0x10007a53       0xc2 CMakeFiles/main.dir/Users/colli/Pico/pico-sdk/src/rp2_common/hardware_irq/irq.c.obj
 .rodata.irq_remove_handler.str1.4
                0x10007a53       0x3a CMakeFiles/main.dir/Users/colli/Pico/pico-sdk/src/rp2_common/hardware_irq/irq.c.obj
 .rodata.irq_add_tail_to_free_list.str1.4
                0x10007a53       0x3a CMakeFiles/main.dir/Users/colli/Pico/pico-sdk/src/rp2_common/hardware_irq/irq.c.obj
 .rodata.user_irq_claim_unused.str1.4
                0x10007a53       0x1b CMakeFiles/main.dir/Users/colli/Pico/pico-sdk/src/rp2_common/hardware_irq/irq.c.obj
 *fill*         0x10007a53        0x1 
 .rodata.__func__.0
                0x10007a54       0x1a CMakeFiles/main.dir/Users/colli/Pico/pico-sdk/src/rp2_common/hardware_irq/irq.c.obj
 *fill*         0x10007a6e        0x2 
 .rodata.__func__.1
                0x10007a70       0x17 CMakeFiles/main.dir/Users/colli/Pico/pico-sdk/src/rp2_common/hardware_irq/irq.c.obj
 *fill*         0x10007a87        0x1 
 .rodata.__func__.2
                0x10007a88       0x13 CMakeFiles/main.dir/Users/colli/Pico/pico-sdk/src/rp2_common/hardware_irq/irq.c.obj
 *fill*         0x10007a9b        0x1 
 .rodata.__func__.3
                0x10007a9c        0xc CMakeFiles/main.dir/Users/colli/Pico/pico-sdk/src/rp2_common/hardware_irq/irq.c.obj
 .rodata.__func__.4
                0x10007aa8        0xf CMakeFiles/main.dir/Users/colli/Pico/pico-sdk/src/rp2_common/hardware_irq/irq.c.obj
 *fill*         0x10007ab7        0x1 
 .rodata.__func__.5
                0x10007ab8       0x17 CMakeFiles/main.dir/Users/colli/Pico/pico-sdk/src/rp2_common/hardware_irq/irq.c.obj
 *fill*         0x10007acf        0x1 
 .rodata.__func__.6
                0x10007ad0       0x1a CMakeFiles/main.dir/Users/colli/Pico/pico-sdk/src/rp2_common/hardware_irq/irq.c.obj
 .rodata.update_us_since_boot.str1.4
                0x10007aea       0x61 CMakeFiles/main.dir/Users/colli/Pico/pico-sdk/src/common/pico_sync/mutex.c.obj
 .rodata.str1.4
                0x10007aea       0x89 CMakeFiles/main.dir/Users/colli/Pico/pico-sdk/src/common/pico_sync/mutex.c.obj
 *fill*         0x10007aea        0x2 
 .rodata.__func__.1
                0x10007aec        0xb CMakeFiles/main.dir/Users/colli/Pico/pico-sdk/src/common/pico_sync/mutex.c.obj
 *fill*         0x10007af7        0x1 
 .rodata.__func__.3
                0x10007af8       0x18 CMakeFiles/main.dir/Users/colli/Pico/pico-sdk/src/common/pico_sync/mutex.c.obj
 .rodata.__func__.4
                0x10007b10       0x15 CMakeFiles/main.dir/Users/colli/Pico/pico-sdk/src/common/pico_sync/mutex.c.obj
 .rodata.get_entry.str1.4
                0x10007b25       0x5b CMakeFiles/main.dir/Users/colli/Pico/pico-sdk/src/common/pico_time/time.c.obj
 .rodata.update_us_since_boot.str1.4
                0x10007b25       0x61 CMakeFiles/main.dir/Users/colli/Pico/pico-sdk/src/common/pico_time/time.c.obj
 .rodata.ph_get_node.str1.4
                0x10007b25       0x66 CMakeFiles/main.dir/Users/colli/Pico/pico-sdk/src/common/pico_time/time.c.obj
 .rodata.ph_add_child_node.str1.4
                0x10007b25       0x2e CMakeFiles/main.dir/Users/colli/Pico/pico-sdk/src/common/pico_time/time.c.obj
 .rodata.ph_insert_node.str1.4
                0x10007b25        0x3 CMakeFiles/main.dir/Users/colli/Pico/pico-sdk/src/common/pico_time/time.c.obj
 .rodata.ph_free_node.str1.4
                0x10007b25       0x38 CMakeFiles/main.dir/Users/colli/Pico/pico-sdk/src/common/pico_time/time.c.obj
 .rodata.add_alarm_under_lock.str1.4
                0x10007b25       0x28 CMakeFiles/main.dir/Users/colli/Pico/pico-sdk/src/common/pico_time/time.c.obj
 .rodata.alarm_pool_alarm_callback.str1.4
                0x10007b25       0x60 CMakeFiles/main.dir/Users/colli/Pico/pico-sdk/src/common/pico_time/time.c.obj
 .rodata.alarm_pool_get_default.str1.4
                0x10007b25       0x21 CMakeFiles/main.dir/Users/colli/Pico/pico-sdk/src/common/pico_time/time.c.obj
 .rodata.alarm_pool_cancel_alarm.str1.4
                0x10007b25       0x27 CMakeFiles/main.dir/Users/colli/Pico/pico-sdk/src/common/pico_time/time.c.obj
 .rodata.sleep_until.str1.4
                0x10007b25       0x4d CMakeFiles/main.dir/Users/colli/Pico/pico-sdk/src/common/pico_time/time.c.obj
 *fill*         0x10007b25        0x3 
 .rodata.__func__.1
                0x10007b28       0x18 CMakeFiles/main.dir/Users/colli/Pico/pico-sdk/src/common/pico_time/time.c.obj
 .rodata.__func__.3
                0x10007b40       0x17 CMakeFiles/main.dir/Users/colli/Pico/pico-sdk/src/common/pico_time/time.c.obj
 *fill*         0x10007b57        0x1 
 .rodata.__func__.4
                0x10007b58       0x12 CMakeFiles/main.dir/Users/colli/Pico/pico-sdk/src/common/pico_time/time.c.obj
 *fill*         0x10007b6a        0x2 
 .rodata.__func__.5
                0x10007b6c        0xd CMakeFiles/main.dir/Users/colli/Pico/pico-sdk/src/common/pico_time/time.c.obj
 *fill*         0x10007b79        0x3 
 .rodata.__func__.6
                0x10007b7c       0x12 CMakeFiles/main.dir/Users/colli/Pico/pico-sdk/src/common/pico_time/time.c.obj
 *fill*         0x10007b8e        0x2 
 .rodata.__func__.7
                0x10007b90        0xf CMakeFiles/main.dir/Users/colli/Pico/pico-sdk/src/common/pico_time/time.c.obj
 *fill*         0x10007b9f        0x1 
 .rodata.__func__.8
                0x10007ba0        0xc CMakeFiles/main.dir/Users/colli/Pico/pico-sdk/src/common/pico_time/time.c.obj
 .rodata.__func__.9
                0x10007bac       0x15 CMakeFiles/main.dir/Users/colli/Pico/pico-sdk/src/common/pico_time/time.c.obj
 *fill*         0x10007bc1        0x3 
 .rodata.__func__.10
                0x10007bc4       0x15 CMakeFiles/main.dir/Users/colli/Pico/pico-sdk/src/common/pico_time/time.c.obj
 *fill*         0x10007bd9        0x3 
 .rodata.__func__.11
                0x10007bdc       0x1a CMakeFiles/main.dir/Users/colli/Pico/pico-sdk/src/common/pico_time/time.c.obj
 *fill*         0x10007bf6        0x2 
 .rodata.__func__.12
                0x10007bf8        0xa CMakeFiles/main.dir/Users/colli/Pico/pico-sdk/src/common/pico_time/time.c.obj
 .rodata.hardware_alarm_claim.str1.4
                0x10007c02       0x22 CMakeFiles/main.dir/Users/colli/Pico/pico-sdk/src/rp2_common/hardware_timer/timer.c.obj
 .rodata.hardware_alarm_set_target.str1.4
                0x10007c02       0x65 CMakeFiles/main.dir/Users/colli/Pico/pico-sdk/src/rp2_common/hardware_timer/timer.c.obj
 *fill*         0x10007c02        0x2 
 .rodata.__func__.0
                0x10007c04       0x1a CMakeFiles/main.dir/Users/colli/Pico/pico-sdk/src/rp2_common/hardware_timer/timer.c.obj
 .rodata.ph_get_node.str1.4
                0x10007c1e       0x66 CMakeFiles/main.dir/Users/colli/Pico/pico-sdk/src/common/pico_util/pheap.c.obj
 .rodata.ph_add_child_node.str1.4
                0x10007c1e       0x2e CMakeFiles/main.dir/Users/colli/Pico/pico-sdk/src/common/pico_util/pheap.c.obj
 .rodata.ph_remove_any_head.str1.4
                0x10007c1e       0xa0 CMakeFiles/main.dir/Users/colli/Pico/pico-sdk/src/common/pico_util/pheap.c.obj
 .rodata.ph_remove_and_free_node.str1.4
                0x10007c1e       0x26 CMakeFiles/main.dir/Users/colli/Pico/pico-sdk/src/common/pico_util/pheap.c.obj
 *fill*         0x10007c1e        0x2 
 .rodata.__func__.0
                0x10007c20       0x18 CMakeFiles/main.dir/Users/colli/Pico/pico-sdk/src/common/pico_util/pheap.c.obj
 .rodata.__func__.1
                0x10007c38       0x13 CMakeFiles/main.dir/Users/colli/Pico/pico-sdk/src/common/pico_util/pheap.c.obj
 *fill*         0x10007c4b        0x1 
 .rodata.__func__.2
                0x10007c4c       0x12 CMakeFiles/main.dir/Users/colli/Pico/pico-sdk/src/common/pico_util/pheap.c.obj
 *fill*         0x10007c5e        0x2 
 .rodata.__func__.3
                0x10007c60        0xc CMakeFiles/main.dir/Users/colli/Pico/pico-sdk/src/common/pico_util/pheap.c.obj
 .rodata.clock_configure.str1.4
                0x10007c6c       0x57 CMakeFiles/main.dir/Users/colli/Pico/pico-sdk/src/rp2_common/hardware_clocks/clocks.c.obj
 .rodata.__func__.1
                0x10007c6c       0x10 CMakeFiles/main.dir/Users/colli/Pico/pico-sdk/src/rp2_common/hardware_clocks/clocks.c.obj
 .rodata.pll_init.str1.4
                0x10007c7c      0x124 CMakeFiles/main.dir/Users/colli/Pico/pico-sdk/src/rp2_common/hardware_pll/pll.c.obj
 .rodata.__func__.0
                0x10007c7c        0x9 CMakeFiles/main.dir/Users/colli/Pico/pico-sdk/src/rp2_common/hardware_pll/pll.c.obj
 .rodata.__assert_func.str1.4
                0x10007c85       0x43 CMakeFiles/main.dir/Users/colli/Pico/pico-sdk/src/rp2_common/pico_runtime/runtime.c.obj
 .rodata.runtime_init.str1.4
                0x10007c85       0x61 CMakeFiles/main.dir/Users/colli/Pico/pico-sdk/src/rp2_common/pico_runtime/runtime.c.obj
 .rodata.panic.str1.4
                0x10007c85       0x12 CMakeFiles/main.dir/Users/colli/Pico/pico-sdk/src/rp2_common/pico_runtime/runtime.c.obj
 *fill*         0x10007c85        0x3 
 .rodata.__func__.2
                0x10007c88        0xd CMakeFiles/main.dir/Users/colli/Pico/pico-sdk/src/rp2_common/pico_runtime/runtime.c.obj
 .rodata._ftoa.str1.4
                0x10007c95       0x15 CMakeFiles/main.dir/Users/colli/Pico/pico-sdk/src/rp2_common/pico_printf/printf.c.obj
 *fill*         0x10007c95        0x3 
 .rodata._vsnprintf
                0x10007c98      0x19c CMakeFiles/main.dir/Users/colli/Pico/pico-sdk/src/rp2_common/pico_printf/printf.c.obj
 *fill*         0x10007e34        0x4 
 .rodata.pow10.0
                0x10007e38       0x50 CMakeFiles/main.dir/Users/colli/Pico/pico-sdk/src/rp2_common/pico_printf/printf.c.obj
 .rodata.__aeabi_double_init.str1.4
                0x10007e88       0x9c CMakeFiles/main.dir/Users/colli/Pico/pico-sdk/src/rp2_common/pico_double/double_init_rom.c.obj
 .rodata.__func__.0
                0x10007e88       0x14 CMakeFiles/main.dir/Users/colli/Pico/pico-sdk/src/rp2_common/pico_double/double_init_rom.c.obj
 .rodata.__aeabi_float_init.str1.4
                0x10007e9c       0x7e CMakeFiles/main.dir/Users/colli/Pico/pico-sdk/src/rp2_common/pico_float/float_init_rom.c.obj
 .rodata.__func__.0
                0x10007e9c       0x13 CMakeFiles/main.dir/Users/colli/Pico/pico-sdk/src/rp2_common/pico_float/float_init_rom.c.obj
 .rodata.str1.4
                0x10007eaf       0x3c CMakeFiles/main.dir/Users/colli/Pico/pico-sdk/src/rp2_common/pico_standard_link/binary_info.c.obj
 *fill*         0x10007eaf        0x1 
 .rodata.__bi_81
                0x10007eb0        0xc CMakeFiles/main.dir/Users/colli/Pico/pico-sdk/src/rp2_common/pico_standard_link/binary_info.c.obj
 .rodata.__bi_75
                0x10007ebc        0xc CMakeFiles/main.dir/Users/colli/Pico/pico-sdk/src/rp2_common/pico_standard_link/binary_info.c.obj
 .rodata.__bi_44
                0x10007ec8        0xc CMakeFiles/main.dir/Users/colli/Pico/pico-sdk/src/rp2_common/pico_standard_link/binary_info.c.obj
 .rodata.update_us_since_boot.str1.4
                0x10007ed4       0x61 CMakeFiles/main.dir/Users/colli/Pico/pico-sdk/src/rp2_common/pico_stdio/stdio.c.obj
 .rodata.crlf_str.2
                0x10007ed4        0x2 CMakeFiles/main.dir/Users/colli/Pico/pico-sdk/src/rp2_common/pico_stdio/stdio.c.obj
 *fill*         0x10007ed6        0x2 
 .rodata.__func__.3
                0x10007ed8       0x15 CMakeFiles/main.dir/Users/colli/Pico/pico-sdk/src/rp2_common/pico_stdio/stdio.c.obj
 *fill*         0x10007eed        0x3 
 .rodata._resetd_driver
                0x10007ef0       0x18 CMakeFiles/main.dir/Users/colli/Pico/pico-sdk/src/rp2_common/pico_stdio_usb/reset_interface.c.obj
 .rodata.update_us_since_boot.str1.4
                0x10007f08       0x61 CMakeFiles/main.dir/Users/colli/Pico/pico-sdk/src/rp2_common/pico_stdio_usb/stdio_usb.c.obj
 .rodata.stdio_usb_init.str1.4
                0x10007f08       0x4d CMakeFiles/main.dir/Users/colli/Pico/pico-sdk/src/rp2_common/pico_stdio_usb/stdio_usb.c.obj
 .rodata.str1.4
                0x10007f08       0x13 CMakeFiles/main.dir/Users/colli/Pico/pico-sdk/src/rp2_common/pico_stdio_usb/stdio_usb.c.obj
 .rodata.__bi_182.0
                0x10007f08        0xc CMakeFiles/main.dir/Users/colli/Pico/pico-sdk/src/rp2_common/pico_stdio_usb/stdio_usb.c.obj
 .rodata.__func__.1
                0x10007f14        0xf CMakeFiles/main.dir/Users/colli/Pico/pico-sdk/src/rp2_common/pico_stdio_usb/stdio_usb.c.obj
 *fill*         0x10007f23        0x1 
 .rodata.__func__.3
                0x10007f24       0x15 CMakeFiles/main.dir/Users/colli/Pico/pico-sdk/src/rp2_common/pico_stdio_usb/stdio_usb.c.obj
 .rodata.str1.4
                0x10007f39       0x2a CMakeFiles/main.dir/Users/colli/Pico/pico-sdk/src/rp2_common/pico_stdio_usb/stdio_usb_descriptors.c.obj
 *fill*         0x10007f39        0x3 
 .rodata.usbd_desc_str
                0x10007f3c       0x18 CMakeFiles/main.dir/Users/colli/Pico/pico-sdk/src/rp2_common/pico_stdio_usb/stdio_usb_descriptors.c.obj
 .rodata.usbd_desc_cfg
                0x10007f54       0x54 CMakeFiles/main.dir/Users/colli/Pico/pico-sdk/src/rp2_common/pico_stdio_usb/stdio_usb_descriptors.c.obj
 .rodata.usbd_desc_device
                0x10007fa8       0x12 CMakeFiles/main.dir/Users/colli/Pico/pico-sdk/src/rp2_common/pico_stdio_usb/stdio_usb_descriptors.c.obj
 .rodata.pico_get_unique_board_id_string.str1.4
                0x10007fba       0x4d CMakeFiles/main.dir/Users/colli/Pico/pico-sdk/src/rp2_common/pico_unique_id/unique_id.c.obj
 *fill*         0x10007fba        0x2 
 .rodata.__func__.0
                0x10007fbc       0x20 CMakeFiles/main.dir/Users/colli/Pico/pico-sdk/src/rp2_common/pico_unique_id/unique_id.c.obj
 .rodata.str1.4
                0x10007fdc      0x15a CMakeFiles/main.dir/Users/colli/Pico/pico-sdk/src/rp2_common/hardware_flash/flash.c.obj
 .rodata.__func__.0
                0x10007fdc        0xd CMakeFiles/main.dir/Users/colli/Pico/pico-sdk/src/rp2_common/hardware_flash/flash.c.obj
 .rodata._hw_endpoint_alloc.str1.4
                0x10007fe9       0xb5 CMakeFiles/main.dir/Users/colli/Pico/pico-sdk/lib/tinyusb/src/portable/raspberrypi/rp2040/dcd_rp2040.c.obj
 .rodata.str1.4
                0x10007fe9       0x14 CMakeFiles/main.dir/Users/colli/Pico/pico-sdk/lib/tinyusb/src/portable/raspberrypi/rp2040/dcd_rp2040.c.obj
 .rodata.dcd_int_enable.str1.4
                0x10007fe9        0xc CMakeFiles/main.dir/Users/colli/Pico/pico-sdk/lib/tinyusb/src/portable/raspberrypi/rp2040/dcd_rp2040.c.obj
 *fill*         0x10007fe9        0x3 
 .rodata.__func__.0
                0x10007fec        0xe CMakeFiles/main.dir/Users/colli/Pico/pico-sdk/lib/tinyusb/src/portable/raspberrypi/rp2040/dcd_rp2040.c.obj
 *fill*         0x10007ffa        0x2 
 .rodata.__func__.1
                0x10007ffc        0xe CMakeFiles/main.dir/Users/colli/Pico/pico-sdk/lib/tinyusb/src/portable/raspberrypi/rp2040/dcd_rp2040.c.obj
 *fill*         0x1000800a        0x2 
 .rodata.__func__.3
                0x1000800c       0x10 CMakeFiles/main.dir/Users/colli/Pico/pico-sdk/lib/tinyusb/src/portable/raspberrypi/rp2040/dcd_rp2040.c.obj
 .rodata.__func__.5
                0x1000801c        0xf CMakeFiles/main.dir/Users/colli/Pico/pico-sdk/lib/tinyusb/src/portable/raspberrypi/rp2040/dcd_rp2040.c.obj
 *fill*         0x1000802b        0x1 
 .rodata.__func__.6
                0x1000802c       0x13 CMakeFiles/main.dir/Users/colli/Pico/pico-sdk/lib/tinyusb/src/portable/raspberrypi/rp2040/dcd_rp2040.c.obj
 *fill*         0x1000803f        0x1 
 .rodata.__func__.7
                0x10008040        0x9 CMakeFiles/main.dir/Users/colli/Pico/pico-sdk/lib/tinyusb/src/portable/raspberrypi/rp2040/dcd_rp2040.c.obj
 .rodata.str1.4
                0x10008049       0xe7 CMakeFiles/main.dir/Users/colli/Pico/pico-sdk/lib/tinyusb/src/portable/raspberrypi/rp2040/rp2040_usb.c.obj
 *fill*         0x10008049        0x3 
 .rodata.__func__.0
                0x1000804c        0xf CMakeFiles/main.dir/Users/colli/Pico/pico-sdk/lib/tinyusb/src/portable/raspberrypi/rp2040/rp2040_usb.c.obj
 *fill*         0x1000805b        0x1 
 .rodata.process_get_descriptor
                0x1000805c       0x40 CMakeFiles/main.dir/Users/colli/Pico/pico-sdk/lib/tinyusb/src/device/usbd.c.obj
 .rodata.process_control_request
                0x1000809c       0x28 CMakeFiles/main.dir/Users/colli/Pico/pico-sdk/lib/tinyusb/src/device/usbd.c.obj
 .rodata.tud_task_ext
                0x100080c4       0x24 CMakeFiles/main.dir/Users/colli/Pico/pico-sdk/lib/tinyusb/src/device/usbd.c.obj
 .rodata._usbd_driver
                0x100080e8       0x18 CMakeFiles/main.dir/Users/colli/Pico/pico-sdk/lib/tinyusb/src/device/usbd.c.obj
                0x10008100                        . = ALIGN (0x4)
 *(SORT_BY_ALIGNMENT(SORT_BY_NAME(.flashdata*)))
                0x10008100                        . = ALIGN (0x4)

.ARM.extab
 *(.ARM.extab* .gnu.linkonce.armextab.*)
                0x10008100                        __exidx_start = .

.ARM.exidx
 *(.ARM.exidx* .gnu.linkonce.armexidx.*)
                0x10008100                        __exidx_end = .
                0x10008100                        . = ALIGN (0x4)
                0x10008100                        __binary_info_start = .

.binary_info    0x10008100       0x20
 *(.binary_info.keep.*)
 .binary_info.keep.__bi_ptr81
                0x10008100        0x4 CMakeFiles/main.dir/Users/colli/Pico/pico-sdk/src/rp2_common/pico_standard_link/binary_info.c.obj
 .binary_info.keep.__bi_ptr75
                0x10008104        0x4 CMakeFiles/main.dir/Users/colli/Pico/pico-sdk/src/rp2_common/pico_standard_link/binary_info.c.obj
 .binary_info.keep.__bi_ptr50
                0x10008108        0x4 CMakeFiles/main.dir/Users/colli/Pico/pico-sdk/src/rp2_common/pico_standard_link/binary_info.c.obj
 .binary_info.keep.__bi_ptr44
                0x1000810c        0x4 CMakeFiles/main.dir/Users/colli/Pico/pico-sdk/src/rp2_common/pico_standard_link/binary_info.c.obj
 .binary_info.keep.__bi_ptr38
                0x10008110        0x4 CMakeFiles/main.dir/Users/colli/Pico/pico-sdk/src/rp2_common/pico_standard_link/binary_info.c.obj
 .binary_info.keep.__bi_ptr30
                0x10008114        0x4 CMakeFiles/main.dir/Users/colli/Pico/pico-sdk/src/rp2_common/pico_standard_link/binary_info.c.obj
 .binary_info.keep.__bi_ptr22
                0x10008118        0x4 CMakeFiles/main.dir/Users/colli/Pico/pico-sdk/src/rp2_common/pico_standard_link/binary_info.c.obj
 *(.binary_info.*)
 .binary_info.__bi_ptr182
                0x1000811c        0x4 CMakeFiles/main.dir/Users/colli/Pico/pico-sdk/src/rp2_common/pico_stdio_usb/stdio_usb.c.obj
                0x10008120                        __binary_info_end = .

.rel.dyn        0x10008120        0x0
 .rel.iplt      0x10008120        0x0 /Applications/ArmGNUToolchain/13.2.Rel1/arm-none-eabi/bin/../lib/gcc/arm-none-eabi/13.2.1/thumb/v6-m/nofp/crtbegin.o
                0x10008120                        . = ALIGN (0x4)

.ram_vector_table
                0x20000000       0xc0
 *(.ram_vector_table)
 .ram_vector_table
                0x20000000       0xc0 CMakeFiles/main.dir/Users/colli/Pico/pico-sdk/src/rp2_common/pico_runtime/runtime.c.obj
                0x20000000                ram_vector_table

.data           0x200000c0      0xb40 load address 0x10008120
                0x200000c0                        __data_start__ = .
 *(vtable)
 *(.time_critical*)
 .time_critical.mutex_try_enter
                0x200000c0       0x46 CMakeFiles/main.dir/Users/colli/Pico/pico-sdk/src/common/pico_sync/mutex.c.obj
                0x200000c0                mutex_try_enter
 *fill*         0x20000106        0x2 
 .time_critical.mutex_enter_block_until
                0x20000108       0x8c CMakeFiles/main.dir/Users/colli/Pico/pico-sdk/src/common/pico_sync/mutex.c.obj
                0x20000108                mutex_enter_block_until
 .time_critical.mutex_try_enter_block_until
                0x20000194       0x34 CMakeFiles/main.dir/Users/colli/Pico/pico-sdk/src/common/pico_sync/mutex.c.obj
                0x20000194                mutex_try_enter_block_until
 .time_critical.mutex_enter_timeout_ms
                0x200001c8       0x1a CMakeFiles/main.dir/Users/colli/Pico/pico-sdk/src/common/pico_sync/mutex.c.obj
                0x200001c8                mutex_enter_timeout_ms
 *fill*         0x200001e2        0x2 
 .time_critical.mutex_exit
                0x200001e4       0x4c CMakeFiles/main.dir/Users/colli/Pico/pico-sdk/src/common/pico_sync/mutex.c.obj
                0x200001e4                mutex_exit
 .time_critical.flash_init_boot2_copyout
                0x20000230       0x30 CMakeFiles/main.dir/Users/colli/Pico/pico-sdk/src/rp2_common/hardware_flash/flash.c.obj
 .time_critical.flash_enable_xip_via_boot2
                0x20000260        0xc CMakeFiles/main.dir/Users/colli/Pico/pico-sdk/src/rp2_common/hardware_flash/flash.c.obj
 .time_critical.flash_cs_force
                0x2000026c       0x28 CMakeFiles/main.dir/Users/colli/Pico/pico-sdk/src/rp2_common/hardware_flash/flash.c.obj
 .time_critical.flash_do_cmd
                0x20000294       0xd8 CMakeFiles/main.dir/Users/colli/Pico/pico-sdk/src/rp2_common/hardware_flash/flash.c.obj
                0x20000294                flash_do_cmd
 .time_critical.reset_non_control_endpoints
                0x2000036c       0x40 CMakeFiles/main.dir/Users/colli/Pico/pico-sdk/lib/tinyusb/src/portable/raspberrypi/rp2040/dcd_rp2040.c.obj
 .time_critical.hw_handle_buff_status
                0x200003ac       0xa4 CMakeFiles/main.dir/Users/colli/Pico/pico-sdk/lib/tinyusb/src/portable/raspberrypi/rp2040/dcd_rp2040.c.obj
 .time_critical.dcd_rp2040_irq
                0x20000450      0x1b8 CMakeFiles/main.dir/Users/colli/Pico/pico-sdk/lib/tinyusb/src/portable/raspberrypi/rp2040/dcd_rp2040.c.obj
 .time_critical.e15_is_bulkin_ep
                0x20000608       0x2c CMakeFiles/main.dir/Users/colli/Pico/pico-sdk/lib/tinyusb/src/portable/raspberrypi/rp2040/rp2040_usb.c.obj
 .time_critical.e15_is_critical_frame_period
                0x20000634       0x30 CMakeFiles/main.dir/Users/colli/Pico/pico-sdk/lib/tinyusb/src/portable/raspberrypi/rp2040/rp2040_usb.c.obj
 .time_critical.prepare_ep_buffer
                0x20000664       0x6c CMakeFiles/main.dir/Users/colli/Pico/pico-sdk/lib/tinyusb/src/portable/raspberrypi/rp2040/rp2040_usb.c.obj
 .time_critical.sync_ep_buffer
                0x200006d0       0x7c CMakeFiles/main.dir/Users/colli/Pico/pico-sdk/lib/tinyusb/src/portable/raspberrypi/rp2040/rp2040_usb.c.obj
 .time_critical._hw_endpoint_xfer_sync
                0x2000074c       0x28 CMakeFiles/main.dir/Users/colli/Pico/pico-sdk/lib/tinyusb/src/portable/raspberrypi/rp2040/rp2040_usb.c.obj
 .time_critical.hw_endpoint_reset_transfer
                0x20000774        0xc CMakeFiles/main.dir/Users/colli/Pico/pico-sdk/lib/tinyusb/src/portable/raspberrypi/rp2040/rp2040_usb.c.obj
                0x20000774                hw_endpoint_reset_transfer
 .time_critical._hw_endpoint_buffer_control_update32
                0x20000780       0x58 CMakeFiles/main.dir/Users/colli/Pico/pico-sdk/lib/tinyusb/src/portable/raspberrypi/rp2040/rp2040_usb.c.obj
                0x20000780                _hw_endpoint_buffer_control_update32
 .time_critical.hw_endpoint_start_next_buffer
                0x200007d8       0x88 CMakeFiles/main.dir/Users/colli/Pico/pico-sdk/lib/tinyusb/src/portable/raspberrypi/rp2040/rp2040_usb.c.obj
                0x200007d8                hw_endpoint_start_next_buffer
 .time_critical.hw_endpoint_xfer_continue
                0x20000860       0x50 CMakeFiles/main.dir/Users/colli/Pico/pico-sdk/lib/tinyusb/src/portable/raspberrypi/rp2040/rp2040_usb.c.obj
                0x20000860                hw_endpoint_xfer_continue
 .time_critical.tinyusb
                0x200008b0      0x1ac CMakeFiles/main.dir/Users/colli/Pico/pico-sdk/lib/tinyusb/src/device/usbd.c.obj
                0x200008b0                dcd_event_handler
 *(.text*)
 .text          0x20000a5c        0x4 /Applications/ArmGNUToolchain/13.2.Rel1/arm-none-eabi/bin/../lib/gcc/arm-none-eabi/13.2.1/thumb/v6-m/nofp/libgcc.a(_dvmd_tls.o)
                0x20000a5c                __aeabi_ldiv0
                0x20000a5c                __aeabi_idiv0
 .text.__stub   0x20000a60       0xa0 linker stubs
                0x20000b00                        . = ALIGN (0x4)
 *(.rodata*)
                0x20000b00                        . = ALIGN (0x4)
 *(.data*)
 .data.striped_spin_lock_num
                0x20000b00        0x1 CMakeFiles/main.dir/Users/colli/Pico/pico-sdk/src/rp2_common/hardware_sync/sync.c.obj
 *fill*         0x20000b01        0x3 
 .data          0x20000b04       0x48 CMakeFiles/main.dir/Users/colli/Pico/pico-sdk/src/rp2_common/hardware_irq/irq_handler_chain.S.obj
                0x20000b04                irq_handler_chain_slots
                0x20000b34                irq_handler_chain_first_slot
                0x20000b3e                irq_handler_chain_remove_tail
 .data.default_alarm_pool
                0x20000b4c       0x18 CMakeFiles/main.dir/Users/colli/Pico/pico-sdk/src/common/pico_time/time.c.obj
 .data.default_alarm_pool_heap
                0x20000b64       0x10 CMakeFiles/main.dir/Users/colli/Pico/pico-sdk/src/common/pico_time/time.c.obj
 *fill*         0x20000b74        0xc 
 .data.aeabi_bits_funcs
                0x20000b80       0x10 CMakeFiles/main.dir/Users/colli/Pico/pico-sdk/src/rp2_common/pico_bit_ops/bit_ops_aeabi.S.obj
                0x20000b80                aeabi_bits_funcs
                0x20000b90                aeabi_bits_funcs_end
 .data.aeabi_mem_funcs
                0x20000b90       0x10 CMakeFiles/main.dir/Users/colli/Pico/pico-sdk/src/rp2_common/pico_mem_ops/mem_ops_aeabi.S.obj
                0x20000b90                aeabi_mem_funcs
                0x20000ba0                aeabi_mem_funcs_end
 .data.stdio_usb
                0x20000ba0       0x18 CMakeFiles/main.dir/Users/colli/Pico/pico-sdk/src/rp2_common/pico_stdio_usb/stdio_usb.c.obj
                0x20000ba0                stdio_usb
 .data.ep_dir_string
                0x20000bb8        0x8 CMakeFiles/main.dir/Users/colli/Pico/pico-sdk/lib/tinyusb/src/portable/raspberrypi/rp2040/rp2040_usb.c.obj
                0x20000bb8                ep_dir_string
 .data._usbd_qdef
                0x20000bc0       0x1c CMakeFiles/main.dir/Users/colli/Pico/pico-sdk/lib/tinyusb/src/device/usbd.c.obj
                0x20000bc0                _usbd_qdef
 .data._usbd_rhport
                0x20000bdc        0x1 CMakeFiles/main.dir/Users/colli/Pico/pico-sdk/lib/tinyusb/src/device/usbd.c.obj
                0x20000be0                        . = ALIGN (0x4)
 *fill*         0x20000bdd        0x3 
 *(.after_data.*)
                0x20000be0                        . = ALIGN (0x4)
                0x20000be0                        PROVIDE (__mutex_array_start = .)
 *(SORT_BY_NAME(.mutex_array.*))
 *(.mutex_array)
 .mutex_array   0x20000be0        0x8 CMakeFiles/main.dir/Users/colli/Pico/pico-sdk/src/rp2_common/pico_stdio/stdio.c.obj
                0x20000be8                        PROVIDE (__mutex_array_end = .)
                0x20000be8                        . = ALIGN (0x4)
                0x20000be8                        PROVIDE (__preinit_array_start = .)
 *(SORT_BY_NAME(.preinit_array.*))
 .preinit_array.00001
                0x20000be8        0x4 CMakeFiles/main.dir/Users/colli/Pico/pico-sdk/src/rp2_common/pico_mem_ops/mem_ops_aeabi.S.obj
 .preinit_array.00010
                0x20000bec        0x4 CMakeFiles/main.dir/Users/colli/Pico/pico-sdk/src/rp2_common/pico_bit_ops/bit_ops_aeabi.S.obj
 .preinit_array.00020
                0x20000bf0        0x4 CMakeFiles/main.dir/Users/colli/Pico/pico-sdk/src/rp2_common/pico_double/double_aeabi.S.obj
 .preinit_array.00020
                0x20000bf4        0x4 CMakeFiles/main.dir/Users/colli/Pico/pico-sdk/src/rp2_common/pico_float/float_aeabi.S.obj
 *(.preinit_array)
                0x20000bf8                        PROVIDE (__preinit_array_end = .)
                0x20000bf8                        . = ALIGN (0x4)
                0x20000bf8                        PROVIDE (__init_array_start = .)
 *(SORT_BY_NAME(.init_array.*))
 *(.init_array)
 .init_array    0x20000bf8        0x4 /Applications/ArmGNUToolchain/13.2.Rel1/arm-none-eabi/bin/../lib/gcc/arm-none-eabi/13.2.1/thumb/v6-m/nofp/crtbegin.o
 .init_array    0x20000bfc        0x4 CMakeFiles/main.dir/Users/colli/Pico/pico-sdk/src/rp2_common/pico_unique_id/unique_id.c.obj
                0x20000c00                        PROVIDE (__init_array_end = .)
                0x20000c00                        . = ALIGN (0x4)
                [!provide]                        PROVIDE (__fini_array_start = .)
 *(SORT_BY_NAME(.fini_array.*))
 *(.fini_array)
                [!provide]                        PROVIDE (__fini_array_end = .)
 *(.jcr)
                0x20000c00                        . = ALIGN (0x4)
                0x20000c00                        __data_end__ = .
                0x10008120                        __etext = LOADADDR (.data)

.tm_clone_table
                0x20000c00        0x0 load address 0x10008c60
 .tm_clone_table
                0x20000c00        0x0 /Applications/ArmGNUToolchain/13.2.Rel1/arm-none-eabi/bin/../lib/gcc/arm-none-eabi/13.2.1/thumb/v6-m/nofp/crtbegin.o
 .tm_clone_table
                0x20000c00        0x0 /Applications/ArmGNUToolchain/13.2.Rel1/arm-none-eabi/bin/../lib/gcc/arm-none-eabi/13.2.1/thumb/v6-m/nofp/crtend.o

.igot.plt       0x20000c00        0x0 load address 0x10008c60
 .igot.plt      0x20000c00        0x0 /Applications/ArmGNUToolchain/13.2.Rel1/arm-none-eabi/bin/../lib/gcc/arm-none-eabi/13.2.1/thumb/v6-m/nofp/crtbegin.o

.uninitialized_data
                0x20000c00        0x0 load address 0x10008c60
                0x20000c00                        . = ALIGN (0x4)
 *(.uninitialized_data*)

.scratch_x      0x20040000        0x0 load address 0x10008c60
                0x20040000                        __scratch_x_start__ = .
 *(.scratch_x.*)
                0x20040000                        . = ALIGN (0x4)
                0x20040000                        __scratch_x_end__ = .
                0x10008c60                        __scratch_x_source__ = LOADADDR (.scratch_x)

.scratch_y      0x20041000        0x0 load address 0x10008c60
                0x20041000                        __scratch_y_start__ = .
 *(.scratch_y.*)
                0x20041000                        . = ALIGN (0x4)
                0x20041000                        __scratch_y_end__ = .
                0x10008c60                        __scratch_y_source__ = LOADADDR (.scratch_y)

.bss            0x20000c00      0xd80
                0x20000c00                        . = ALIGN (0x4)
                0x20000c00                        __bss_start__ = .
 *(SORT_BY_ALIGNMENT(SORT_BY_NAME(.bss*)))
 .bss.default_alarm_pool_entries
                0x20000c00      0x100 CMakeFiles/main.dir/Users/colli/Pico/pico-sdk/src/common/pico_time/time.c.obj
 .bss.last_avail_time.2
                0x20000d00        0x8 CMakeFiles/main.dir/Users/colli/Pico/pico-sdk/src/rp2_common/pico_stdio_usb/stdio_usb.c.obj
 .bss._app_driver
                0x20000d08        0x4 CMakeFiles/main.dir/Users/colli/Pico/pico-sdk/lib/tinyusb/src/device/usbd.c.obj
 .bss._cdcd_itf
                0x20000d0c      0x2c8 CMakeFiles/main.dir/Users/colli/Pico/pico-sdk/lib/tinyusb/src/class/cdc/cdc_device.c.obj
 .bss._ctrl_xfer
                0x20000fd4       0x14 CMakeFiles/main.dir/Users/colli/Pico/pico-sdk/lib/tinyusb/src/device/usbd_control.c.obj
 .bss._ubsd_mutexdef
                0x20000fe8        0x8 CMakeFiles/main.dir/Users/colli/Pico/pico-sdk/lib/tinyusb/src/device/usbd.c.obj
 .bss._usbd_ctrl_buf
                0x20000ff0       0x40 CMakeFiles/main.dir/Users/colli/Pico/pico-sdk/lib/tinyusb/src/device/usbd_control.c.obj
 .bss._usbd_dev
                0x20001030       0x53 CMakeFiles/main.dir/Users/colli/Pico/pico-sdk/lib/tinyusb/src/device/usbd.c.obj
 *fill*         0x20001083        0x1 
 .bss._usbd_mutex
                0x20001084        0x4 CMakeFiles/main.dir/Users/colli/Pico/pico-sdk/lib/tinyusb/src/device/usbd.c.obj
 .bss._usbd_q   0x20001088        0x4 CMakeFiles/main.dir/Users/colli/Pico/pico-sdk/lib/tinyusb/src/device/usbd.c.obj
 .bss._usbd_qdef_buf
                0x2000108c       0xc0 CMakeFiles/main.dir/Users/colli/Pico/pico-sdk/lib/tinyusb/src/device/usbd.c.obj
                0x2000108c                _usbd_qdef_buf
 .bss.alarm_callbacks
                0x2000114c       0x10 CMakeFiles/main.dir/Users/colli/Pico/pico-sdk/src/rp2_common/hardware_timer/timer.c.obj
 .bss.boot2_copyout
                0x2000115c      0x100 CMakeFiles/main.dir/Users/colli/Pico/pico-sdk/src/rp2_common/hardware_flash/flash.c.obj
 .bss.chars_available_callback
                0x2000125c        0x4 CMakeFiles/main.dir/Users/colli/Pico/pico-sdk/src/rp2_common/pico_stdio_usb/stdio_usb.c.obj
 .bss.chars_available_param
                0x20001260        0x4 CMakeFiles/main.dir/Users/colli/Pico/pico-sdk/src/rp2_common/pico_stdio_usb/stdio_usb.c.obj
 .bss.claimed   0x20001264        0x4 CMakeFiles/main.dir/Users/colli/Pico/pico-sdk/src/rp2_common/hardware_sync/sync.c.obj
 .bss.configured_freq
                0x20001268       0x28 CMakeFiles/main.dir/Users/colli/Pico/pico-sdk/src/rp2_common/hardware_clocks/clocks.c.obj
 .bss.default_alarm_pool_entry_ids_high
                0x20001290       0x10 CMakeFiles/main.dir/Users/colli/Pico/pico-sdk/src/common/pico_time/time.c.obj
 .bss.default_alarm_pool_heap_nodes
                0x200012a0       0x30 CMakeFiles/main.dir/Users/colli/Pico/pico-sdk/src/common/pico_time/time.c.obj
 .bss.desc_str.0
                0x200012d0       0x28 CMakeFiles/main.dir/Users/colli/Pico/pico-sdk/src/rp2_common/pico_stdio_usb/stdio_usb_descriptors.c.obj
 .bss.drivers   0x200012f8        0x4 CMakeFiles/main.dir/Users/colli/Pico/pico-sdk/src/rp2_common/pico_stdio/stdio.c.obj
 .bss.e15_last_sof